PEMS03
Trainset:	x-(15711, 12, 358, 3)	y-(15711, 12, 358, 1)
Valset:  	x-(5237, 12, 358, 3)  	y-(5237, 12, 358, 1)
Testset:	x-(5237, 12, 358, 3)	y-(5237, 12, 358, 1)

--------- LRPred ---------
{
    "num_nodes": 358,
    "in_steps": 12,
    "out_steps": 12,
    "train_size": 0.6,
    "val_size": 0.2,
    "time_of_day": true,
    "day_of_week": true,
    "lr": 0.001,
    "weight_decay": 0.0005,
    "milestones": [
        15,
        30,
        40
    ],
    "lr_decay_rate": 0.1,
    "batch_size": 16,
    "max_epochs": 300,
    "early_stop": 20,
    "use_cl": false,
    "cl_step_size": 2500,
    "model_args": {
        "num_nodes": 358,
        "node_dim": 256,
        "in_steps": 12,
        "out_steps": 12,
        "steps_per_day": 288,
        "input_dim": 3,
        "output_dim": 1,
        "input_embedding_dim": 24,
        "tod_embedding_dim": 24,
        "dow_embedding_dim": 24,
        "spatial_embedding_dim": 24,
        "adaptive_embedding_dim": 0,
        "feed_forward_dim": 256,
        "num_heads": 4,
        "num_layers": 1,
        "dropout": 0.1
    }
}
==========================================================================================
Layer (type:depth-idx)                   Output Shape              Param #
==========================================================================================
LRPred                                   [16, 12, 358, 1]          8,784
├─DataEncoding: 1-1                      [16, 12, 358, 24]         --
│    └─Linear: 2-1                       [16, 12, 358, 24]         168
│    └─ReLU: 2-2                         [16, 12, 358, 24]         --
│    └─Linear: 2-3                       [16, 12, 358, 24]         600
├─Embedding: 1-2                         [16, 12, 358, 24]         6,912
├─Embedding: 1-3                         [16, 12, 358, 24]         168
├─TemporalContextGate: 1-4               [16, 12, 358, 96]         --
│    └─Sequential: 2-4                   [16, 12, 358, 96]         --
│    │    └─Linear: 3-1                  [16, 12, 358, 96]         9,312
│    │    └─Sigmoid: 3-2                 [16, 12, 358, 96]         --
├─Tanh: 1-5                              [358, 358]                --
├─MGTU: 1-6                              [16, 96, 358, 12]         --
│    └─GTU: 2-5                          [16, 96, 358, 12]         --
│    │    └─Conv2d: 3-3                  [16, 192, 358, 12]        18,624
│    │    └─Tanh: 3-4                    [16, 96, 358, 12]         --
│    │    └─Sigmoid: 3-5                 [16, 96, 358, 12]         --
│    └─Gcn: 2-6                          [16, 96, 358, 12]         --
│    │    └─nconv: 3-6                   [16, 96, 358, 12]         --
│    │    └─nconv: 3-7                   [16, 96, 358, 12]         --
│    │    └─nconv: 3-8                   [16, 96, 358, 12]         --
│    │    └─nconv: 3-9                   [16, 96, 358, 12]         --
│    │    └─nconv: 3-10                  [16, 96, 358, 12]         --
│    │    └─nconv: 3-11                  [16, 96, 358, 12]         --
│    │    └─nconv: 3-12                  [16, 96, 358, 12]         --
│    │    └─nconv: 3-13                  [16, 96, 358, 12]         --
│    │    └─nconv: 3-14                  [16, 96, 358, 12]         --
│    │    └─linear: 3-15                 [16, 96, 358, 12]         92,256
├─MGTU: 1-7                              [16, 96, 358, 10]         --
│    └─GTU: 2-7                          [16, 96, 358, 10]         --
│    │    └─Conv2d: 3-16                 [16, 192, 358, 10]        55,488
│    │    └─Tanh: 3-17                   [16, 96, 358, 10]         --
│    │    └─Sigmoid: 3-18                [16, 96, 358, 10]         --
│    └─Gcn: 2-8                          [16, 96, 358, 10]         --
│    │    └─nconv: 3-19                  [16, 96, 358, 10]         --
│    │    └─nconv: 3-20                  [16, 96, 358, 10]         --
│    │    └─nconv: 3-21                  [16, 96, 358, 10]         --
│    │    └─nconv: 3-22                  [16, 96, 358, 10]         --
│    │    └─nconv: 3-23                  [16, 96, 358, 10]         --
│    │    └─nconv: 3-24                  [16, 96, 358, 10]         --
│    │    └─nconv: 3-25                  [16, 96, 358, 10]         --
│    │    └─nconv: 3-26                  [16, 96, 358, 10]         --
│    │    └─nconv: 3-27                  [16, 96, 358, 10]         --
│    │    └─linear: 3-28                 [16, 96, 358, 10]         92,256
├─MGTU: 1-8                              [16, 96, 358, 8]          --
│    └─GTU: 2-9                          [16, 96, 358, 8]          --
│    │    └─Conv2d: 3-29                 [16, 192, 358, 8]         92,352
│    │    └─Tanh: 3-30                   [16, 96, 358, 8]          --
│    │    └─Sigmoid: 3-31                [16, 96, 358, 8]          --
│    └─Gcn: 2-10                         [16, 96, 358, 8]          --
│    │    └─nconv: 3-32                  [16, 96, 358, 8]          --
│    │    └─nconv: 3-33                  [16, 96, 358, 8]          --
│    │    └─nconv: 3-34                  [16, 96, 358, 8]          --
│    │    └─nconv: 3-35                  [16, 96, 358, 8]          --
│    │    └─nconv: 3-36                  [16, 96, 358, 8]          --
│    │    └─nconv: 3-37                  [16, 96, 358, 8]          --
│    │    └─nconv: 3-38                  [16, 96, 358, 8]          --
│    │    └─nconv: 3-39                  [16, 96, 358, 8]          --
│    │    └─nconv: 3-40                  [16, 96, 358, 8]          --
│    │    └─linear: 3-41                 [16, 96, 358, 8]          92,256
├─MGTU: 1-9                              [16, 96, 358, 6]          --
│    └─GTU: 2-11                         [16, 96, 358, 6]          --
│    │    └─Conv2d: 3-42                 [16, 192, 358, 6]         129,216
│    │    └─Tanh: 3-43                   [16, 96, 358, 6]          --
│    │    └─Sigmoid: 3-44                [16, 96, 358, 6]          --
│    └─Gcn: 2-12                         [16, 96, 358, 6]          --
│    │    └─nconv: 3-45                  [16, 96, 358, 6]          --
│    │    └─nconv: 3-46                  [16, 96, 358, 6]          --
│    │    └─nconv: 3-47                  [16, 96, 358, 6]          --
│    │    └─nconv: 3-48                  [16, 96, 358, 6]          --
│    │    └─nconv: 3-49                  [16, 96, 358, 6]          --
│    │    └─nconv: 3-50                  [16, 96, 358, 6]          --
│    │    └─nconv: 3-51                  [16, 96, 358, 6]          --
│    │    └─nconv: 3-52                  [16, 96, 358, 6]          --
│    │    └─nconv: 3-53                  [16, 96, 358, 6]          --
│    │    └─linear: 3-54                 [16, 96, 358, 6]          92,256
├─Sequential: 1-10                       [16, 96, 358, 12]         --
│    └─Linear: 2-13                      [16, 96, 358, 12]         444
│    └─Dropout: 2-14                     [16, 96, 358, 12]         --
├─TemporalResidualMLP: 1-11              [16, 12, 358, 96]         --
│    └─Sequential: 2-15                  [16, 12, 358, 96]         --
│    │    └─Linear: 3-55                 [16, 12, 358, 96]         9,312
│    │    └─GELU: 3-56                   [16, 12, 358, 96]         --
│    │    └─Linear: 3-57                 [16, 12, 358, 96]         9,312
├─LayerNorm: 1-12                        [16, 12, 358, 96]         192
├─GRU: 1-13                              [16, 358, 96]             --
│    └─Linear: 2-16                      [16, 358, 96]             18,528
│    └─Sigmoid: 2-17                     [16, 358, 96]             --
│    └─Linear: 2-18                      [16, 358, 96]             18,528
│    └─Sigmoid: 2-19                     [16, 358, 96]             --
│    └─Linear: 2-20                      [16, 358, 96]             18,528
│    └─Tanh: 2-21                        [16, 358, 96]             --
├─GRU: 1-14                              [16, 358, 96]             (recursive)
│    └─Linear: 2-22                      [16, 358, 96]             (recursive)
│    └─Sigmoid: 2-23                     [16, 358, 96]             --
│    └─Linear: 2-24                      [16, 358, 96]             (recursive)
│    └─Sigmoid: 2-25                     [16, 358, 96]             --
│    └─Linear: 2-26                      [16, 358, 96]             (recursive)
│    └─Tanh: 2-27                        [16, 358, 96]             --
├─GRU: 1-15                              [16, 358, 96]             (recursive)
│    └─Linear: 2-28                      [16, 358, 96]             (recursive)
│    └─Sigmoid: 2-29                     [16, 358, 96]             --
│    └─Linear: 2-30                      [16, 358, 96]             (recursive)
│    └─Sigmoid: 2-31                     [16, 358, 96]             --
│    └─Linear: 2-32                      [16, 358, 96]             (recursive)
│    └─Tanh: 2-33                        [16, 358, 96]             --
├─GRU: 1-16                              [16, 358, 96]             (recursive)
│    └─Linear: 2-34                      [16, 358, 96]             (recursive)
│    └─Sigmoid: 2-35                     [16, 358, 96]             --
│    └─Linear: 2-36                      [16, 358, 96]             (recursive)
│    └─Sigmoid: 2-37                     [16, 358, 96]             --
│    └─Linear: 2-38                      [16, 358, 96]             (recursive)
│    └─Tanh: 2-39                        [16, 358, 96]             --
├─GRU: 1-17                              [16, 358, 96]             (recursive)
│    └─Linear: 2-40                      [16, 358, 96]             (recursive)
│    └─Sigmoid: 2-41                     [16, 358, 96]             --
│    └─Linear: 2-42                      [16, 358, 96]             (recursive)
│    └─Sigmoid: 2-43                     [16, 358, 96]             --
│    └─Linear: 2-44                      [16, 358, 96]             (recursive)
│    └─Tanh: 2-45                        [16, 358, 96]             --
├─GRU: 1-18                              [16, 358, 96]             (recursive)
│    └─Linear: 2-46                      [16, 358, 96]             (recursive)
│    └─Sigmoid: 2-47                     [16, 358, 96]             --
│    └─Linear: 2-48                      [16, 358, 96]             (recursive)
│    └─Sigmoid: 2-49                     [16, 358, 96]             --
│    └─Linear: 2-50                      [16, 358, 96]             (recursive)
│    └─Tanh: 2-51                        [16, 358, 96]             --
├─GRU: 1-19                              [16, 358, 96]             (recursive)
│    └─Linear: 2-52                      [16, 358, 96]             (recursive)
│    └─Sigmoid: 2-53                     [16, 358, 96]             --
│    └─Linear: 2-54                      [16, 358, 96]             (recursive)
│    └─Sigmoid: 2-55                     [16, 358, 96]             --
│    └─Linear: 2-56                      [16, 358, 96]             (recursive)
│    └─Tanh: 2-57                        [16, 358, 96]             --
├─GRU: 1-20                              [16, 358, 96]             (recursive)
│    └─Linear: 2-58                      [16, 358, 96]             (recursive)
│    └─Sigmoid: 2-59                     [16, 358, 96]             --
│    └─Linear: 2-60                      [16, 358, 96]             (recursive)
│    └─Sigmoid: 2-61                     [16, 358, 96]             --
│    └─Linear: 2-62                      [16, 358, 96]             (recursive)
│    └─Tanh: 2-63                        [16, 358, 96]             --
├─GRU: 1-21                              [16, 358, 96]             (recursive)
│    └─Linear: 2-64                      [16, 358, 96]             (recursive)
│    └─Sigmoid: 2-65                     [16, 358, 96]             --
│    └─Linear: 2-66                      [16, 358, 96]             (recursive)
│    └─Sigmoid: 2-67                     [16, 358, 96]             --
│    └─Linear: 2-68                      [16, 358, 96]             (recursive)
│    └─Tanh: 2-69                        [16, 358, 96]             --
├─GRU: 1-22                              [16, 358, 96]             (recursive)
│    └─Linear: 2-70                      [16, 358, 96]             (recursive)
│    └─Sigmoid: 2-71                     [16, 358, 96]             --
│    └─Linear: 2-72                      [16, 358, 96]             (recursive)
│    └─Sigmoid: 2-73                     [16, 358, 96]             --
│    └─Linear: 2-74                      [16, 358, 96]             (recursive)
│    └─Tanh: 2-75                        [16, 358, 96]             --
├─GRU: 1-23                              [16, 358, 96]             (recursive)
│    └─Linear: 2-76                      [16, 358, 96]             (recursive)
│    └─Sigmoid: 2-77                     [16, 358, 96]             --
│    └─Linear: 2-78                      [16, 358, 96]             (recursive)
│    └─Sigmoid: 2-79                     [16, 358, 96]             --
│    └─Linear: 2-80                      [16, 358, 96]             (recursive)
│    └─Tanh: 2-81                        [16, 358, 96]             --
├─GRU: 1-24                              [16, 358, 96]             (recursive)
│    └─Linear: 2-82                      [16, 358, 96]             (recursive)
│    └─Sigmoid: 2-83                     [16, 358, 96]             --
│    └─Linear: 2-84                      [16, 358, 96]             (recursive)
│    └─Sigmoid: 2-85                     [16, 358, 96]             --
│    └─Linear: 2-86                      [16, 358, 96]             (recursive)
│    └─Tanh: 2-87                        [16, 358, 96]             --
├─ModuleList: 1-25                       --                        --
│    └─SelfAttentionLayer: 2-88          [16, 12, 358, 96]         --
│    │    └─AttentionLayer: 3-58         [16, 12, 358, 96]         37,248
│    │    └─Linear: 3-59                 [16, 12, 358, 96]         9,312
│    │    └─GELU: 3-60                   [16, 12, 358, 96]         --
│    │    └─Dropout: 3-61                [16, 12, 358, 96]         --
│    │    └─LayerNorm: 3-62              [16, 12, 358, 96]         192
│    │    └─Sequential: 3-63             [16, 12, 358, 96]         49,504
│    │    └─Dropout: 3-64                [16, 12, 358, 96]         --
│    │    └─LayerNorm: 3-65              [16, 12, 358, 96]         192
├─time_wise_predictor: 1-26              [16, 12, 358, 1]          --
│    └─Sequential: 2-89                  [16, 358, 256]            --
│    │    └─Linear: 3-66                 [16, 358, 256]            295,168
│    │    └─GELU: 3-67                   [16, 358, 256]            --
│    └─ModuleList: 2-90                  --                        --
│    │    └─Linear: 3-68                 [16, 358, 1]              257
│    │    └─Linear: 3-69                 [16, 358, 1]              257
│    │    └─Linear: 3-70                 [16, 358, 1]              257
│    │    └─Linear: 3-71                 [16, 358, 1]              257
│    │    └─Linear: 3-72                 [16, 358, 1]              257
│    │    └─Linear: 3-73                 [16, 358, 1]              257
│    │    └─Linear: 3-74                 [16, 358, 1]              257
│    │    └─Linear: 3-75                 [16, 358, 1]              257
│    │    └─Linear: 3-76                 [16, 358, 1]              257
│    │    └─Linear: 3-77                 [16, 358, 1]              257
│    │    └─Linear: 3-78                 [16, 358, 1]              257
│    │    └─Linear: 3-79                 [16, 358, 1]              257
==========================================================================================
Total params: 1,160,192
Trainable params: 1,160,192
Non-trainable params: 0
Total mult-adds (G): 32.17
==========================================================================================
Input size (MB): 0.82
Forward/backward pass size (MB): 1525.57
Params size (MB): 4.61
Estimated Total Size (MB): 1531.00
==========================================================================================

Loss: HuberLoss

2026-09-09 02:51:20.164064 Epoch 1  	Train Loss = 18.65424 Val Loss = 15.13357
2026-09-09 02:52:23.284407 Epoch 2  	Train Loss = 14.49416 Val Loss = 14.09283
2026-09-09 02:53:27.307718 Epoch 3  	Train Loss = 13.74947 Val Loss = 13.70171
2026-09-09 02:54:31.437948 Epoch 4  	Train Loss = 13.37794 Val Loss = 13.52924
2026-09-09 02:55:35.161354 Epoch 5  	Train Loss = 13.16038 Val Loss = 13.42677
2026-09-09 02:56:39.509287 Epoch 6  	Train Loss = 12.97626 Val Loss = 13.50821
2026-09-09 02:57:42.739097 Epoch 7  	Train Loss = 12.84300 Val Loss = 13.29074
2026-09-09 02:58:47.057492 Epoch 8  	Train Loss = 12.70564 Val Loss = 13.14675
2026-09-09 02:59:50.494826 Epoch 9  	Train Loss = 12.62699 Val Loss = 13.17060
2026-09-09 03:00:54.627827 Epoch 10  	Train Loss = 12.56007 Val Loss = 13.08241
2026-09-09 03:01:58.457869 Epoch 11  	Train Loss = 12.51290 Val Loss = 13.19043
2026-09-09 03:03:02.126209 Epoch 12  	Train Loss = 12.44686 Val Loss = 13.08138
2026-09-09 03:04:06.118972 Epoch 13  	Train Loss = 12.39898 Val Loss = 13.10345
2026-09-09 03:05:09.318885 Epoch 14  	Train Loss = 12.34733 Val Loss = 12.96269
2026-09-09 03:06:13.575640 Epoch 15  	Train Loss = 12.31978 Val Loss = 12.99023
2026-09-09 03:07:17.160243 Epoch 16  	Train Loss = 11.96124 Val Loss = 12.81103
2026-09-09 03:08:21.201663 Epoch 17  	Train Loss = 11.90724 Val Loss = 12.81293
2026-09-09 03:09:25.219283 Epoch 18  	Train Loss = 11.88534 Val Loss = 12.86414
2026-09-09 03:10:28.763870 Epoch 19  	Train Loss = 11.86826 Val Loss = 12.81623
2026-09-09 03:11:32.930792 Epoch 20  	Train Loss = 11.85385 Val Loss = 12.84744
2026-09-09 03:12:36.363887 Epoch 21  	Train Loss = 11.83951 Val Loss = 12.80628
2026-09-09 03:13:40.874754 Epoch 22  	Train Loss = 11.82830 Val Loss = 12.80249
2026-09-09 03:14:44.025651 Epoch 23  	Train Loss = 11.81613 Val Loss = 12.81481
2026-09-09 03:15:47.836510 Epoch 24  	Train Loss = 11.80493 Val Loss = 12.83684
2026-09-09 03:16:51.599273 Epoch 25  	Train Loss = 11.79508 Val Loss = 12.81874
2026-09-09 03:17:55.527906 Epoch 26  	Train Loss = 11.78466 Val Loss = 12.83831
2026-09-09 03:18:59.523143 Epoch 27  	Train Loss = 11.77375 Val Loss = 12.80560
2026-09-09 03:20:03.031369 Epoch 28  	Train Loss = 11.76474 Val Loss = 12.81794
2026-09-09 03:21:06.835864 Epoch 29  	Train Loss = 11.75540 Val Loss = 12.89691
2026-09-09 03:22:10.082325 Epoch 30  	Train Loss = 11.74723 Val Loss = 12.91594
2026-09-09 03:23:14.107012 Epoch 31  	Train Loss = 11.69647 Val Loss = 12.83458
2026-09-09 03:24:18.010329 Epoch 32  	Train Loss = 11.69034 Val Loss = 12.83011
2026-09-09 03:25:21.958740 Epoch 33  	Train Loss = 11.68817 Val Loss = 12.82962
2026-09-09 03:26:26.174625 Epoch 34  	Train Loss = 11.68626 Val Loss = 12.82628
2026-09-09 03:27:29.307950 Epoch 35  	Train Loss = 11.68461 Val Loss = 12.84569
2026-09-09 03:28:33.739569 Epoch 36  	Train Loss = 11.68312 Val Loss = 12.83662
2026-09-09 03:29:37.126880 Epoch 37  	Train Loss = 11.68144 Val Loss = 12.84198
2026-09-09 03:30:40.994771 Epoch 38  	Train Loss = 11.68036 Val Loss = 12.83241
2026-09-09 03:31:44.904232 Epoch 39  	Train Loss = 11.67872 Val Loss = 12.84619
2026-09-09 03:32:49.004519 Epoch 40  	Train Loss = 11.67730 Val Loss = 12.85280
2026-09-09 03:33:52.739490 Epoch 41  	Train Loss = 11.67159 Val Loss = 12.84265
2026-09-09 03:34:56.001799 Epoch 42  	Train Loss = 11.67080 Val Loss = 12.84261
Early stopping at epoch: 42
Best at epoch 22:
Train Loss = 11.82830
Train RMSE = 20.32348, MAE = 12.31248, MAPE = 11.38841
Val Loss = 12.80249
Val RMSE = 21.52164, MAE = 13.32627, MAPE = 12.66998
Saved Model: ../saved_models/LRPred-PEMS03-2026-09-09-02-50-11.pt
--------- Test ---------
All Steps RMSE = 24.19622, MAE = 14.59266, MAPE = 14.83325
Step 1 RMSE = 18.55611, MAE = 11.95403, MAPE = 12.14592
Step 2 RMSE = 20.62406, MAE = 12.81534, MAPE = 13.14419
Step 3 RMSE = 21.94015, MAE = 13.41568, MAPE = 13.81319
Step 4 RMSE = 22.92372, MAE = 13.88802, MAPE = 14.19812
Step 5 RMSE = 23.62070, MAE = 14.25619, MAPE = 14.53482
Step 6 RMSE = 24.31318, MAE = 14.60655, MAPE = 14.85368
Step 7 RMSE = 24.94058, MAE = 14.95252, MAPE = 15.17719
Step 8 RMSE = 25.46350, MAE = 15.28720, MAPE = 15.46520
Step 9 RMSE = 25.92106, MAE = 15.56514, MAPE = 15.69253
Step 10 RMSE = 26.36718, MAE = 15.83225, MAPE = 15.99493
Step 11 RMSE = 26.81671, MAE = 16.10862, MAPE = 16.29639
Step 12 RMSE = 27.26118, MAE = 16.43025, MAPE = 16.68282
Inference time: 7.17 s
