PEMS08
Trainset:	x-(10700, 12, 170, 3)	y-(10700, 12, 170, 1)
Valset:  	x-(3567, 12, 170, 3)  	y-(3567, 12, 170, 1)
Testset:	x-(3566, 12, 170, 3)	y-(3566, 12, 170, 1)

--------- LRPred ---------
{
    "num_nodes": 170,
    "in_steps": 12,
    "out_steps": 12,
    "train_size": 0.6,
    "val_size": 0.2,
    "time_of_day": true,
    "day_of_week": true,
    "lr": 0.001,
    "weight_decay": 0.0015,
    "milestones": [
        25,
        45,
        65
    ],
    "lr_decay_rate": 0.1,
    "batch_size": 16,
    "max_epochs": 300,
    "early_stop": 20,
    "use_cl": false,
    "cl_step_size": 2500,
    "model_args": {
        "num_nodes": 170,
        "node_dim": 128,
        "in_steps": 12,
        "out_steps": 12,
        "steps_per_day": 288,
        "input_dim": 3,
        "output_dim": 1,
        "input_embedding_dim": 24,
        "tod_embedding_dim": 24,
        "dow_embedding_dim": 24,
        "spatial_embedding_dim": 24,
        "adaptive_embedding_dim": 0,
        "feed_forward_dim": 256,
        "num_heads": 4,
        "num_layers": 1,
        "dropout": 0.1
    }
}
==========================================================================================
Layer (type:depth-idx)                   Output Shape              Param #
==========================================================================================
LRPred                                   [16, 12, 170, 1]          4,272
├─DataEncoding: 1-1                      [16, 12, 170, 24]         --
│    └─Linear: 2-1                       [16, 12, 170, 24]         168
│    └─ReLU: 2-2                         [16, 12, 170, 24]         --
│    └─Linear: 2-3                       [16, 12, 170, 24]         600
├─Embedding: 1-2                         [16, 12, 170, 24]         6,912
├─Embedding: 1-3                         [16, 12, 170, 24]         168
├─TemporalContextGate: 1-4               [16, 12, 170, 96]         --
│    └─Sequential: 2-4                   [16, 12, 170, 96]         --
│    │    └─Linear: 3-1                  [16, 12, 170, 96]         9,312
│    │    └─Sigmoid: 3-2                 [16, 12, 170, 96]         --
├─Tanh: 1-5                              [170, 170]                --
├─MGTU: 1-6                              [16, 96, 170, 12]         --
│    └─GTU: 2-5                          [16, 96, 170, 12]         --
│    │    └─Conv2d: 3-3                  [16, 192, 170, 12]        18,624
│    │    └─Tanh: 3-4                    [16, 96, 170, 12]         --
│    │    └─Sigmoid: 3-5                 [16, 96, 170, 12]         --
│    └─Gcn: 2-6                          [16, 96, 170, 12]         --
│    │    └─nconv: 3-6                   [16, 96, 170, 12]         --
│    │    └─nconv: 3-7                   [16, 96, 170, 12]         --
│    │    └─nconv: 3-8                   [16, 96, 170, 12]         --
│    │    └─nconv: 3-9                   [16, 96, 170, 12]         --
│    │    └─nconv: 3-10                  [16, 96, 170, 12]         --
│    │    └─nconv: 3-11                  [16, 96, 170, 12]         --
│    │    └─nconv: 3-12                  [16, 96, 170, 12]         --
│    │    └─nconv: 3-13                  [16, 96, 170, 12]         --
│    │    └─nconv: 3-14                  [16, 96, 170, 12]         --
│    │    └─linear: 3-15                 [16, 96, 170, 12]         92,256
├─MGTU: 1-7                              [16, 96, 170, 10]         --
│    └─GTU: 2-7                          [16, 96, 170, 10]         --
│    │    └─Conv2d: 3-16                 [16, 192, 170, 10]        55,488
│    │    └─Tanh: 3-17                   [16, 96, 170, 10]         --
│    │    └─Sigmoid: 3-18                [16, 96, 170, 10]         --
│    └─Gcn: 2-8                          [16, 96, 170, 10]         --
│    │    └─nconv: 3-19                  [16, 96, 170, 10]         --
│    │    └─nconv: 3-20                  [16, 96, 170, 10]         --
│    │    └─nconv: 3-21                  [16, 96, 170, 10]         --
│    │    └─nconv: 3-22                  [16, 96, 170, 10]         --
│    │    └─nconv: 3-23                  [16, 96, 170, 10]         --
│    │    └─nconv: 3-24                  [16, 96, 170, 10]         --
│    │    └─nconv: 3-25                  [16, 96, 170, 10]         --
│    │    └─nconv: 3-26                  [16, 96, 170, 10]         --
│    │    └─nconv: 3-27                  [16, 96, 170, 10]         --
│    │    └─linear: 3-28                 [16, 96, 170, 10]         92,256
├─MGTU: 1-8                              [16, 96, 170, 8]          --
│    └─GTU: 2-9                          [16, 96, 170, 8]          --
│    │    └─Conv2d: 3-29                 [16, 192, 170, 8]         92,352
│    │    └─Tanh: 3-30                   [16, 96, 170, 8]          --
│    │    └─Sigmoid: 3-31                [16, 96, 170, 8]          --
│    └─Gcn: 2-10                         [16, 96, 170, 8]          --
│    │    └─nconv: 3-32                  [16, 96, 170, 8]          --
│    │    └─nconv: 3-33                  [16, 96, 170, 8]          --
│    │    └─nconv: 3-34                  [16, 96, 170, 8]          --
│    │    └─nconv: 3-35                  [16, 96, 170, 8]          --
│    │    └─nconv: 3-36                  [16, 96, 170, 8]          --
│    │    └─nconv: 3-37                  [16, 96, 170, 8]          --
│    │    └─nconv: 3-38                  [16, 96, 170, 8]          --
│    │    └─nconv: 3-39                  [16, 96, 170, 8]          --
│    │    └─nconv: 3-40                  [16, 96, 170, 8]          --
│    │    └─linear: 3-41                 [16, 96, 170, 8]          92,256
├─MGTU: 1-9                              [16, 96, 170, 6]          --
│    └─GTU: 2-11                         [16, 96, 170, 6]          --
│    │    └─Conv2d: 3-42                 [16, 192, 170, 6]         129,216
│    │    └─Tanh: 3-43                   [16, 96, 170, 6]          --
│    │    └─Sigmoid: 3-44                [16, 96, 170, 6]          --
│    └─Gcn: 2-12                         [16, 96, 170, 6]          --
│    │    └─nconv: 3-45                  [16, 96, 170, 6]          --
│    │    └─nconv: 3-46                  [16, 96, 170, 6]          --
│    │    └─nconv: 3-47                  [16, 96, 170, 6]          --
│    │    └─nconv: 3-48                  [16, 96, 170, 6]          --
│    │    └─nconv: 3-49                  [16, 96, 170, 6]          --
│    │    └─nconv: 3-50                  [16, 96, 170, 6]          --
│    │    └─nconv: 3-51                  [16, 96, 170, 6]          --
│    │    └─nconv: 3-52                  [16, 96, 170, 6]          --
│    │    └─nconv: 3-53                  [16, 96, 170, 6]          --
│    │    └─linear: 3-54                 [16, 96, 170, 6]          92,256
├─Sequential: 1-10                       [16, 96, 170, 12]         --
│    └─Linear: 2-13                      [16, 96, 170, 12]         444
│    └─Dropout: 2-14                     [16, 96, 170, 12]         --
├─TemporalResidualMLP: 1-11              [16, 12, 170, 96]         --
│    └─Sequential: 2-15                  [16, 12, 170, 96]         --
│    │    └─Linear: 3-55                 [16, 12, 170, 96]         9,312
│    │    └─GELU: 3-56                   [16, 12, 170, 96]         --
│    │    └─Linear: 3-57                 [16, 12, 170, 96]         9,312
├─LayerNorm: 1-12                        [16, 12, 170, 96]         192
├─GRU: 1-13                              [16, 170, 96]             --
│    └─Linear: 2-16                      [16, 170, 96]             18,528
│    └─Sigmoid: 2-17                     [16, 170, 96]             --
│    └─Linear: 2-18                      [16, 170, 96]             18,528
│    └─Sigmoid: 2-19                     [16, 170, 96]             --
│    └─Linear: 2-20                      [16, 170, 96]             18,528
│    └─Tanh: 2-21                        [16, 170, 96]             --
├─GRU: 1-14                              [16, 170, 96]             (recursive)
│    └─Linear: 2-22                      [16, 170, 96]             (recursive)
│    └─Sigmoid: 2-23                     [16, 170, 96]             --
│    └─Linear: 2-24                      [16, 170, 96]             (recursive)
│    └─Sigmoid: 2-25                     [16, 170, 96]             --
│    └─Linear: 2-26                      [16, 170, 96]             (recursive)
│    └─Tanh: 2-27                        [16, 170, 96]             --
├─GRU: 1-15                              [16, 170, 96]             (recursive)
│    └─Linear: 2-28                      [16, 170, 96]             (recursive)
│    └─Sigmoid: 2-29                     [16, 170, 96]             --
│    └─Linear: 2-30                      [16, 170, 96]             (recursive)
│    └─Sigmoid: 2-31                     [16, 170, 96]             --
│    └─Linear: 2-32                      [16, 170, 96]             (recursive)
│    └─Tanh: 2-33                        [16, 170, 96]             --
├─GRU: 1-16                              [16, 170, 96]             (recursive)
│    └─Linear: 2-34                      [16, 170, 96]             (recursive)
│    └─Sigmoid: 2-35                     [16, 170, 96]             --
│    └─Linear: 2-36                      [16, 170, 96]             (recursive)
│    └─Sigmoid: 2-37                     [16, 170, 96]             --
│    └─Linear: 2-38                      [16, 170, 96]             (recursive)
│    └─Tanh: 2-39                        [16, 170, 96]             --
├─GRU: 1-17                              [16, 170, 96]             (recursive)
│    └─Linear: 2-40                      [16, 170, 96]             (recursive)
│    └─Sigmoid: 2-41                     [16, 170, 96]             --
│    └─Linear: 2-42                      [16, 170, 96]             (recursive)
│    └─Sigmoid: 2-43                     [16, 170, 96]             --
│    └─Linear: 2-44                      [16, 170, 96]             (recursive)
│    └─Tanh: 2-45                        [16, 170, 96]             --
├─GRU: 1-18                              [16, 170, 96]             (recursive)
│    └─Linear: 2-46                      [16, 170, 96]             (recursive)
│    └─Sigmoid: 2-47                     [16, 170, 96]             --
│    └─Linear: 2-48                      [16, 170, 96]             (recursive)
│    └─Sigmoid: 2-49                     [16, 170, 96]             --
│    └─Linear: 2-50                      [16, 170, 96]             (recursive)
│    └─Tanh: 2-51                        [16, 170, 96]             --
├─GRU: 1-19                              [16, 170, 96]             (recursive)
│    └─Linear: 2-52                      [16, 170, 96]             (recursive)
│    └─Sigmoid: 2-53                     [16, 170, 96]             --
│    └─Linear: 2-54                      [16, 170, 96]             (recursive)
│    └─Sigmoid: 2-55                     [16, 170, 96]             --
│    └─Linear: 2-56                      [16, 170, 96]             (recursive)
│    └─Tanh: 2-57                        [16, 170, 96]             --
├─GRU: 1-20                              [16, 170, 96]             (recursive)
│    └─Linear: 2-58                      [16, 170, 96]             (recursive)
│    └─Sigmoid: 2-59                     [16, 170, 96]             --
│    └─Linear: 2-60                      [16, 170, 96]             (recursive)
│    └─Sigmoid: 2-61                     [16, 170, 96]             --
│    └─Linear: 2-62                      [16, 170, 96]             (recursive)
│    └─Tanh: 2-63                        [16, 170, 96]             --
├─GRU: 1-21                              [16, 170, 96]             (recursive)
│    └─Linear: 2-64                      [16, 170, 96]             (recursive)
│    └─Sigmoid: 2-65                     [16, 170, 96]             --
│    └─Linear: 2-66                      [16, 170, 96]             (recursive)
│    └─Sigmoid: 2-67                     [16, 170, 96]             --
│    └─Linear: 2-68                      [16, 170, 96]             (recursive)
│    └─Tanh: 2-69                        [16, 170, 96]             --
├─GRU: 1-22                              [16, 170, 96]             (recursive)
│    └─Linear: 2-70                      [16, 170, 96]             (recursive)
│    └─Sigmoid: 2-71                     [16, 170, 96]             --
│    └─Linear: 2-72                      [16, 170, 96]             (recursive)
│    └─Sigmoid: 2-73                     [16, 170, 96]             --
│    └─Linear: 2-74                      [16, 170, 96]             (recursive)
│    └─Tanh: 2-75                        [16, 170, 96]             --
├─GRU: 1-23                              [16, 170, 96]             (recursive)
│    └─Linear: 2-76                      [16, 170, 96]             (recursive)
│    └─Sigmoid: 2-77                     [16, 170, 96]             --
│    └─Linear: 2-78                      [16, 170, 96]             (recursive)
│    └─Sigmoid: 2-79                     [16, 170, 96]             --
│    └─Linear: 2-80                      [16, 170, 96]             (recursive)
│    └─Tanh: 2-81                        [16, 170, 96]             --
├─GRU: 1-24                              [16, 170, 96]             (recursive)
│    └─Linear: 2-82                      [16, 170, 96]             (recursive)
│    └─Sigmoid: 2-83                     [16, 170, 96]             --
│    └─Linear: 2-84                      [16, 170, 96]             (recursive)
│    └─Sigmoid: 2-85                     [16, 170, 96]             --
│    └─Linear: 2-86                      [16, 170, 96]             (recursive)
│    └─Tanh: 2-87                        [16, 170, 96]             --
├─ModuleList: 1-25                       --                        --
│    └─SelfAttentionLayer: 2-88          [16, 12, 170, 96]         --
│    │    └─AttentionLayer: 3-58         [16, 12, 170, 96]         37,248
│    │    └─Linear: 3-59                 [16, 12, 170, 96]         9,312
│    │    └─GELU: 3-60                   [16, 12, 170, 96]         --
│    │    └─Dropout: 3-61                [16, 12, 170, 96]         --
│    │    └─LayerNorm: 3-62              [16, 12, 170, 96]         192
│    │    └─Sequential: 3-63             [16, 12, 170, 96]         49,504
│    │    └─Dropout: 3-64                [16, 12, 170, 96]         --
│    │    └─LayerNorm: 3-65              [16, 12, 170, 96]         192
├─time_wise_predictor: 1-26              [16, 12, 170, 1]          --
│    └─Sequential: 2-89                  [16, 170, 128]            --
│    │    └─Linear: 3-66                 [16, 170, 128]            147,584
│    │    └─GELU: 3-67                   [16, 170, 128]            --
│    └─ModuleList: 2-90                  --                        --
│    │    └─Linear: 3-68                 [16, 170, 1]              129
│    │    └─Linear: 3-69                 [16, 170, 1]              129
│    │    └─Linear: 3-70                 [16, 170, 1]              129
│    │    └─Linear: 3-71                 [16, 170, 1]              129
│    │    └─Linear: 3-72                 [16, 170, 1]              129
│    │    └─Linear: 3-73                 [16, 170, 1]              129
│    │    └─Linear: 3-74                 [16, 170, 1]              129
│    │    └─Linear: 3-75                 [16, 170, 1]              129
│    │    └─Linear: 3-76                 [16, 170, 1]              129
│    │    └─Linear: 3-77                 [16, 170, 1]              129
│    │    └─Linear: 3-78                 [16, 170, 1]              129
│    │    └─Linear: 3-79                 [16, 170, 1]              129
==========================================================================================
Total params: 1,006,560
Trainable params: 1,006,560
Non-trainable params: 0
Total mult-adds (G): 15.28
==========================================================================================
Input size (MB): 0.39
Forward/backward pass size (MB): 721.65
Params size (MB): 4.01
Estimated Total Size (MB): 726.05
==========================================================================================

Loss: HuberLoss

2026-09-09 02:49:12.303005 Epoch 1  	Train Loss = 20.74961 Val Loss = 17.34250
2026-09-09 02:49:35.918742 Epoch 2  	Train Loss = 16.20436 Val Loss = 15.55294
2026-09-09 02:50:00.395925 Epoch 3  	Train Loss = 15.14088 Val Loss = 15.04573
2026-09-09 02:50:25.044270 Epoch 4  	Train Loss = 14.69556 Val Loss = 14.59053
2026-09-09 02:50:49.587354 Epoch 5  	Train Loss = 14.42619 Val Loss = 14.49988
2026-09-09 02:51:14.342607 Epoch 6  	Train Loss = 14.19774 Val Loss = 14.28070
2026-09-09 02:51:38.539915 Epoch 7  	Train Loss = 13.99775 Val Loss = 14.13895
2026-09-09 02:52:02.623331 Epoch 8  	Train Loss = 13.84317 Val Loss = 13.98669
2026-09-09 02:52:26.744982 Epoch 9  	Train Loss = 13.70307 Val Loss = 13.86000
2026-09-09 02:52:50.979373 Epoch 10  	Train Loss = 13.62183 Val Loss = 13.77695
2026-09-09 02:53:16.146909 Epoch 11  	Train Loss = 13.53726 Val Loss = 13.86885
2026-09-09 02:53:41.232121 Epoch 12  	Train Loss = 13.40339 Val Loss = 13.88209
2026-09-09 02:54:05.872042 Epoch 13  	Train Loss = 13.31550 Val Loss = 13.54485
2026-09-09 02:54:30.490162 Epoch 14  	Train Loss = 13.20423 Val Loss = 13.49979
2026-09-09 02:54:54.493816 Epoch 15  	Train Loss = 13.15546 Val Loss = 13.54478
2026-09-09 02:55:19.078863 Epoch 16  	Train Loss = 13.07694 Val Loss = 13.43518
2026-09-09 02:55:44.368850 Epoch 17  	Train Loss = 12.98628 Val Loss = 13.33503
2026-09-09 02:56:09.545467 Epoch 18  	Train Loss = 12.93637 Val Loss = 13.39188
2026-09-09 02:56:34.157562 Epoch 19  	Train Loss = 12.84407 Val Loss = 13.49972
2026-09-09 02:56:58.103723 Epoch 20  	Train Loss = 12.83437 Val Loss = 13.32579
2026-09-09 02:57:22.660311 Epoch 21  	Train Loss = 12.76954 Val Loss = 13.38292
2026-09-09 02:57:46.023180 Epoch 22  	Train Loss = 12.73798 Val Loss = 13.39925
2026-09-09 02:58:11.038954 Epoch 23  	Train Loss = 12.71347 Val Loss = 13.49264
2026-09-09 02:58:36.468081 Epoch 24  	Train Loss = 12.66699 Val Loss = 13.28649
2026-09-09 02:59:01.468056 Epoch 25  	Train Loss = 12.63040 Val Loss = 13.36164
2026-09-09 02:59:26.028402 Epoch 26  	Train Loss = 12.20143 Val Loss = 12.98667
2026-09-09 02:59:49.873736 Epoch 27  	Train Loss = 12.11757 Val Loss = 13.01618
2026-09-09 03:00:12.728622 Epoch 28  	Train Loss = 12.09031 Val Loss = 13.00883
2026-09-09 03:00:37.483677 Epoch 29  	Train Loss = 12.07110 Val Loss = 13.00521
2026-09-09 03:01:02.917167 Epoch 30  	Train Loss = 12.05675 Val Loss = 13.01164
2026-09-09 03:01:28.041548 Epoch 31  	Train Loss = 12.04343 Val Loss = 13.07060
2026-09-09 03:01:52.153990 Epoch 32  	Train Loss = 12.02948 Val Loss = 13.01945
2026-09-09 03:02:16.681514 Epoch 33  	Train Loss = 12.01678 Val Loss = 13.01500
2026-09-09 03:02:40.038034 Epoch 34  	Train Loss = 12.00629 Val Loss = 13.02954
2026-09-09 03:03:04.775090 Epoch 35  	Train Loss = 11.99455 Val Loss = 13.06519
2026-09-09 03:03:30.078479 Epoch 36  	Train Loss = 11.98517 Val Loss = 13.05629
2026-09-09 03:03:54.765006 Epoch 37  	Train Loss = 11.97733 Val Loss = 13.06548
2026-09-09 03:04:18.246470 Epoch 38  	Train Loss = 11.96776 Val Loss = 13.06011
2026-09-09 03:04:42.570448 Epoch 39  	Train Loss = 11.95775 Val Loss = 13.08515
2026-09-09 03:05:06.870324 Epoch 40  	Train Loss = 11.94995 Val Loss = 13.04159
2026-09-09 03:05:30.305150 Epoch 41  	Train Loss = 11.94084 Val Loss = 13.08591
2026-09-09 03:05:54.733968 Epoch 42  	Train Loss = 11.93470 Val Loss = 13.08045
2026-09-09 03:06:19.496869 Epoch 43  	Train Loss = 11.92701 Val Loss = 13.07849
2026-09-09 03:06:43.558376 Epoch 44  	Train Loss = 11.92029 Val Loss = 13.16878
2026-09-09 03:07:07.529420 Epoch 45  	Train Loss = 11.91271 Val Loss = 13.10860
2026-09-09 03:07:31.749418 Epoch 46  	Train Loss = 11.85980 Val Loss = 13.08613
Early stopping at epoch: 46
Best at epoch 26:
Train Loss = 12.20143
Train RMSE = 22.13989, MAE = 12.55101, MAPE = 8.30350
Val Loss = 12.98667
Val RMSE = 23.79569, MAE = 13.42371, MAPE = 9.71172
Saved Model: ../saved_models/LRPred-PEMS08-2026-09-09-02-48-46.pt
--------- Test ---------
All Steps RMSE = 22.92372, MAE = 13.33131, MAPE = 8.76871
Step 1 RMSE = 19.03519, MAE = 11.47502, MAPE = 7.58733
Step 2 RMSE = 20.24070, MAE = 12.02971, MAPE = 7.91242
Step 3 RMSE = 21.13985, MAE = 12.46693, MAPE = 8.16069
Step 4 RMSE = 21.91961, MAE = 12.81322, MAPE = 8.37940
Step 5 RMSE = 22.53762, MAE = 13.10272, MAPE = 8.56996
Step 6 RMSE = 23.08535, MAE = 13.43348, MAPE = 8.79117
Step 7 RMSE = 23.50077, MAE = 13.59438, MAPE = 8.91692
Step 8 RMSE = 23.92521, MAE = 13.82021, MAPE = 9.08118
Step 9 RMSE = 24.25309, MAE = 14.00895, MAPE = 9.23122
Step 10 RMSE = 24.55231, MAE = 14.20031, MAPE = 9.38364
Step 11 RMSE = 24.84500, MAE = 14.39057, MAPE = 9.50870
Step 12 RMSE = 25.15359, MAE = 14.64019, MAPE = 9.70183
Inference time: 2.30 s
