PEMSBAY
Trainset:	x-(36465, 12, 325, 3)	y-(36465, 12, 325, 1)
Valset:  	x-(5209, 12, 325, 3)  	y-(5209, 12, 325, 1)
Testset:	x-(10419, 12, 325, 3)	y-(10419, 12, 325, 1)

--------- LRPred ---------
{
    "num_nodes": 325,
    "in_steps": 12,
    "out_steps": 12,
    "train_size": 0.7,
    "val_size": 0.1,
    "time_of_day": true,
    "day_of_week": true,
    "lr": 0.001,
    "weight_decay": 0.0001,
    "milestones": [
        10,
        30
    ],
    "lr_decay_rate": 0.1,
    "batch_size": 16,
    "max_epochs": 300,
    "early_stop": 10,
    "use_cl": false,
    "model_args": {
        "num_nodes": 325,
        "node_dim": 256,
        "in_steps": 12,
        "out_steps": 12,
        "steps_per_day": 288,
        "input_dim": 3,
        "output_dim": 1,
        "input_embedding_dim": 24,
        "tod_embedding_dim": 24,
        "dow_embedding_dim": 24,
        "spatial_embedding_dim": 24,
        "adaptive_embedding_dim": 0,
        "feed_forward_dim": 256,
        "num_heads": 4,
        "num_layers": 1,
        "dropout": 0.1
    }
}
==========================================================================================
Layer (type:depth-idx)                   Output Shape              Param #
==========================================================================================
LRPred                                   [16, 12, 325, 1]          7,992
├─DataEncoding: 1-1                      [16, 12, 325, 24]         --
│    └─Linear: 2-1                       [16, 12, 325, 24]         168
│    └─ReLU: 2-2                         [16, 12, 325, 24]         --
│    └─Linear: 2-3                       [16, 12, 325, 24]         600
├─Embedding: 1-2                         [16, 12, 325, 24]         6,912
├─Embedding: 1-3                         [16, 12, 325, 24]         168
├─TemporalContextGate: 1-4               [16, 12, 325, 96]         --
│    └─Sequential: 2-4                   [16, 12, 325, 96]         --
│    │    └─Linear: 3-1                  [16, 12, 325, 96]         9,312
│    │    └─Sigmoid: 3-2                 [16, 12, 325, 96]         --
├─Tanh: 1-5                              [325, 325]                --
├─MGTU: 1-6                              [16, 96, 325, 12]         --
│    └─GTU: 2-5                          [16, 96, 325, 12]         --
│    │    └─Conv2d: 3-3                  [16, 192, 325, 12]        18,624
│    │    └─Tanh: 3-4                    [16, 96, 325, 12]         --
│    │    └─Sigmoid: 3-5                 [16, 96, 325, 12]         --
│    └─Gcn: 2-6                          [16, 96, 325, 12]         --
│    │    └─nconv: 3-6                   [16, 96, 325, 12]         --
│    │    └─nconv: 3-7                   [16, 96, 325, 12]         --
│    │    └─nconv: 3-8                   [16, 96, 325, 12]         --
│    │    └─nconv: 3-9                   [16, 96, 325, 12]         --
│    │    └─nconv: 3-10                  [16, 96, 325, 12]         --
│    │    └─nconv: 3-11                  [16, 96, 325, 12]         --
│    │    └─nconv: 3-12                  [16, 96, 325, 12]         --
│    │    └─nconv: 3-13                  [16, 96, 325, 12]         --
│    │    └─nconv: 3-14                  [16, 96, 325, 12]         --
│    │    └─linear: 3-15                 [16, 96, 325, 12]         92,256
├─MGTU: 1-7                              [16, 96, 325, 10]         --
│    └─GTU: 2-7                          [16, 96, 325, 10]         --
│    │    └─Conv2d: 3-16                 [16, 192, 325, 10]        55,488
│    │    └─Tanh: 3-17                   [16, 96, 325, 10]         --
│    │    └─Sigmoid: 3-18                [16, 96, 325, 10]         --
│    └─Gcn: 2-8                          [16, 96, 325, 10]         --
│    │    └─nconv: 3-19                  [16, 96, 325, 10]         --
│    │    └─nconv: 3-20                  [16, 96, 325, 10]         --
│    │    └─nconv: 3-21                  [16, 96, 325, 10]         --
│    │    └─nconv: 3-22                  [16, 96, 325, 10]         --
│    │    └─nconv: 3-23                  [16, 96, 325, 10]         --
│    │    └─nconv: 3-24                  [16, 96, 325, 10]         --
│    │    └─nconv: 3-25                  [16, 96, 325, 10]         --
│    │    └─nconv: 3-26                  [16, 96, 325, 10]         --
│    │    └─nconv: 3-27                  [16, 96, 325, 10]         --
│    │    └─linear: 3-28                 [16, 96, 325, 10]         92,256
├─MGTU: 1-8                              [16, 96, 325, 8]          --
│    └─GTU: 2-9                          [16, 96, 325, 8]          --
│    │    └─Conv2d: 3-29                 [16, 192, 325, 8]         92,352
│    │    └─Tanh: 3-30                   [16, 96, 325, 8]          --
│    │    └─Sigmoid: 3-31                [16, 96, 325, 8]          --
│    └─Gcn: 2-10                         [16, 96, 325, 8]          --
│    │    └─nconv: 3-32                  [16, 96, 325, 8]          --
│    │    └─nconv: 3-33                  [16, 96, 325, 8]          --
│    │    └─nconv: 3-34                  [16, 96, 325, 8]          --
│    │    └─nconv: 3-35                  [16, 96, 325, 8]          --
│    │    └─nconv: 3-36                  [16, 96, 325, 8]          --
│    │    └─nconv: 3-37                  [16, 96, 325, 8]          --
│    │    └─nconv: 3-38                  [16, 96, 325, 8]          --
│    │    └─nconv: 3-39                  [16, 96, 325, 8]          --
│    │    └─nconv: 3-40                  [16, 96, 325, 8]          --
│    │    └─linear: 3-41                 [16, 96, 325, 8]          92,256
├─MGTU: 1-9                              [16, 96, 325, 6]          --
│    └─GTU: 2-11                         [16, 96, 325, 6]          --
│    │    └─Conv2d: 3-42                 [16, 192, 325, 6]         129,216
│    │    └─Tanh: 3-43                   [16, 96, 325, 6]          --
│    │    └─Sigmoid: 3-44                [16, 96, 325, 6]          --
│    └─Gcn: 2-12                         [16, 96, 325, 6]          --
│    │    └─nconv: 3-45                  [16, 96, 325, 6]          --
│    │    └─nconv: 3-46                  [16, 96, 325, 6]          --
│    │    └─nconv: 3-47                  [16, 96, 325, 6]          --
│    │    └─nconv: 3-48                  [16, 96, 325, 6]          --
│    │    └─nconv: 3-49                  [16, 96, 325, 6]          --
│    │    └─nconv: 3-50                  [16, 96, 325, 6]          --
│    │    └─nconv: 3-51                  [16, 96, 325, 6]          --
│    │    └─nconv: 3-52                  [16, 96, 325, 6]          --
│    │    └─nconv: 3-53                  [16, 96, 325, 6]          --
│    │    └─linear: 3-54                 [16, 96, 325, 6]          92,256
├─Sequential: 1-10                       [16, 96, 325, 12]         --
│    └─Linear: 2-13                      [16, 96, 325, 12]         444
│    └─Dropout: 2-14                     [16, 96, 325, 12]         --
├─TemporalResidualMLP: 1-11              [16, 12, 325, 96]         --
│    └─Sequential: 2-15                  [16, 12, 325, 96]         --
│    │    └─Linear: 3-55                 [16, 12, 325, 96]         9,312
│    │    └─GELU: 3-56                   [16, 12, 325, 96]         --
│    │    └─Linear: 3-57                 [16, 12, 325, 96]         9,312
├─LayerNorm: 1-12                        [16, 12, 325, 96]         192
├─GRU: 1-13                              [16, 325, 96]             --
│    └─Linear: 2-16                      [16, 325, 96]             18,528
│    └─Sigmoid: 2-17                     [16, 325, 96]             --
│    └─Linear: 2-18                      [16, 325, 96]             18,528
│    └─Sigmoid: 2-19                     [16, 325, 96]             --
│    └─Linear: 2-20                      [16, 325, 96]             18,528
│    └─Tanh: 2-21                        [16, 325, 96]             --
├─GRU: 1-14                              [16, 325, 96]             (recursive)
│    └─Linear: 2-22                      [16, 325, 96]             (recursive)
│    └─Sigmoid: 2-23                     [16, 325, 96]             --
│    └─Linear: 2-24                      [16, 325, 96]             (recursive)
│    └─Sigmoid: 2-25                     [16, 325, 96]             --
│    └─Linear: 2-26                      [16, 325, 96]             (recursive)
│    └─Tanh: 2-27                        [16, 325, 96]             --
├─GRU: 1-15                              [16, 325, 96]             (recursive)
│    └─Linear: 2-28                      [16, 325, 96]             (recursive)
│    └─Sigmoid: 2-29                     [16, 325, 96]             --
│    └─Linear: 2-30                      [16, 325, 96]             (recursive)
│    └─Sigmoid: 2-31                     [16, 325, 96]             --
│    └─Linear: 2-32                      [16, 325, 96]             (recursive)
│    └─Tanh: 2-33                        [16, 325, 96]             --
├─GRU: 1-16                              [16, 325, 96]             (recursive)
│    └─Linear: 2-34                      [16, 325, 96]             (recursive)
│    └─Sigmoid: 2-35                     [16, 325, 96]             --
│    └─Linear: 2-36                      [16, 325, 96]             (recursive)
│    └─Sigmoid: 2-37                     [16, 325, 96]             --
│    └─Linear: 2-38                      [16, 325, 96]             (recursive)
│    └─Tanh: 2-39                        [16, 325, 96]             --
├─GRU: 1-17                              [16, 325, 96]             (recursive)
│    └─Linear: 2-40                      [16, 325, 96]             (recursive)
│    └─Sigmoid: 2-41                     [16, 325, 96]             --
│    └─Linear: 2-42                      [16, 325, 96]             (recursive)
│    └─Sigmoid: 2-43                     [16, 325, 96]             --
│    └─Linear: 2-44                      [16, 325, 96]             (recursive)
│    └─Tanh: 2-45                        [16, 325, 96]             --
├─GRU: 1-18                              [16, 325, 96]             (recursive)
│    └─Linear: 2-46                      [16, 325, 96]             (recursive)
│    └─Sigmoid: 2-47                     [16, 325, 96]             --
│    └─Linear: 2-48                      [16, 325, 96]             (recursive)
│    └─Sigmoid: 2-49                     [16, 325, 96]             --
│    └─Linear: 2-50                      [16, 325, 96]             (recursive)
│    └─Tanh: 2-51                        [16, 325, 96]             --
├─GRU: 1-19                              [16, 325, 96]             (recursive)
│    └─Linear: 2-52                      [16, 325, 96]             (recursive)
│    └─Sigmoid: 2-53                     [16, 325, 96]             --
│    └─Linear: 2-54                      [16, 325, 96]             (recursive)
│    └─Sigmoid: 2-55                     [16, 325, 96]             --
│    └─Linear: 2-56                      [16, 325, 96]             (recursive)
│    └─Tanh: 2-57                        [16, 325, 96]             --
├─GRU: 1-20                              [16, 325, 96]             (recursive)
│    └─Linear: 2-58                      [16, 325, 96]             (recursive)
│    └─Sigmoid: 2-59                     [16, 325, 96]             --
│    └─Linear: 2-60                      [16, 325, 96]             (recursive)
│    └─Sigmoid: 2-61                     [16, 325, 96]             --
│    └─Linear: 2-62                      [16, 325, 96]             (recursive)
│    └─Tanh: 2-63                        [16, 325, 96]             --
├─GRU: 1-21                              [16, 325, 96]             (recursive)
│    └─Linear: 2-64                      [16, 325, 96]             (recursive)
│    └─Sigmoid: 2-65                     [16, 325, 96]             --
│    └─Linear: 2-66                      [16, 325, 96]             (recursive)
│    └─Sigmoid: 2-67                     [16, 325, 96]             --
│    └─Linear: 2-68                      [16, 325, 96]             (recursive)
│    └─Tanh: 2-69                        [16, 325, 96]             --
├─GRU: 1-22                              [16, 325, 96]             (recursive)
│    └─Linear: 2-70                      [16, 325, 96]             (recursive)
│    └─Sigmoid: 2-71                     [16, 325, 96]             --
│    └─Linear: 2-72                      [16, 325, 96]             (recursive)
│    └─Sigmoid: 2-73                     [16, 325, 96]             --
│    └─Linear: 2-74                      [16, 325, 96]             (recursive)
│    └─Tanh: 2-75                        [16, 325, 96]             --
├─GRU: 1-23                              [16, 325, 96]             (recursive)
│    └─Linear: 2-76                      [16, 325, 96]             (recursive)
│    └─Sigmoid: 2-77                     [16, 325, 96]             --
│    └─Linear: 2-78                      [16, 325, 96]             (recursive)
│    └─Sigmoid: 2-79                     [16, 325, 96]             --
│    └─Linear: 2-80                      [16, 325, 96]             (recursive)
│    └─Tanh: 2-81                        [16, 325, 96]             --
├─GRU: 1-24                              [16, 325, 96]             (recursive)
│    └─Linear: 2-82                      [16, 325, 96]             (recursive)
│    └─Sigmoid: 2-83                     [16, 325, 96]             --
│    └─Linear: 2-84                      [16, 325, 96]             (recursive)
│    └─Sigmoid: 2-85                     [16, 325, 96]             --
│    └─Linear: 2-86                      [16, 325, 96]             (recursive)
│    └─Tanh: 2-87                        [16, 325, 96]             --
├─ModuleList: 1-25                       --                        --
│    └─SelfAttentionLayer: 2-88          [16, 12, 325, 96]         --
│    │    └─AttentionLayer: 3-58         [16, 12, 325, 96]         37,248
│    │    └─Linear: 3-59                 [16, 12, 325, 96]         9,312
│    │    └─GELU: 3-60                   [16, 12, 325, 96]         --
│    │    └─Dropout: 3-61                [16, 12, 325, 96]         --
│    │    └─LayerNorm: 3-62              [16, 12, 325, 96]         192
│    │    └─Sequential: 3-63             [16, 12, 325, 96]         49,504
│    │    └─Dropout: 3-64                [16, 12, 325, 96]         --
│    │    └─LayerNorm: 3-65              [16, 12, 325, 96]         192
├─time_wise_predictor: 1-26              [16, 12, 325, 1]          --
│    └─Sequential: 2-89                  [16, 325, 256]            --
│    │    └─Linear: 3-66                 [16, 325, 256]            295,168
│    │    └─GELU: 3-67                   [16, 325, 256]            --
│    └─ModuleList: 2-90                  --                        --
│    │    └─Linear: 3-68                 [16, 325, 1]              257
│    │    └─Linear: 3-69                 [16, 325, 1]              257
│    │    └─Linear: 3-70                 [16, 325, 1]              257
│    │    └─Linear: 3-71                 [16, 325, 1]              257
│    │    └─Linear: 3-72                 [16, 325, 1]              257
│    │    └─Linear: 3-73                 [16, 325, 1]              257
│    │    └─Linear: 3-74                 [16, 325, 1]              257
│    │    └─Linear: 3-75                 [16, 325, 1]              257
│    │    └─Linear: 3-76                 [16, 325, 1]              257
│    │    └─Linear: 3-77                 [16, 325, 1]              257
│    │    └─Linear: 3-78                 [16, 325, 1]              257
│    │    └─Linear: 3-79                 [16, 325, 1]              257
==========================================================================================
Total params: 1,159,400
Trainable params: 1,159,400
Non-trainable params: 0
Total mult-adds (G): 29.21
==========================================================================================
Input size (MB): 0.75
Forward/backward pass size (MB): 1384.95
Params size (MB): 4.61
Estimated Total Size (MB): 1390.30
==========================================================================================

Loss: MaskedMAELoss

2026-09-09 03:36:58.583103 Epoch 1  	Train Loss = 1.78481 Val Loss = 1.76228
2026-09-09 03:39:04.931404 Epoch 2  	Train Loss = 1.55610 Val Loss = 1.66570
2026-09-09 03:41:11.384035 Epoch 3  	Train Loss = 1.49701 Val Loss = 1.62357
2026-09-09 03:43:18.288295 Epoch 4  	Train Loss = 1.46710 Val Loss = 1.59308
2026-09-09 03:45:25.109650 Epoch 5  	Train Loss = 1.44867 Val Loss = 1.58790
2026-09-09 03:47:31.952744 Epoch 6  	Train Loss = 1.43501 Val Loss = 1.57314
2026-09-09 03:49:37.957754 Epoch 7  	Train Loss = 1.42209 Val Loss = 1.57654
2026-09-09 03:51:44.537560 Epoch 8  	Train Loss = 1.41211 Val Loss = 1.56912
2026-09-09 03:53:50.337497 Epoch 9  	Train Loss = 1.40332 Val Loss = 1.57074
2026-09-09 03:55:56.726604 Epoch 10  	Train Loss = 1.39633 Val Loss = 1.56550
2026-09-09 03:58:03.595343 Epoch 11  	Train Loss = 1.35018 Val Loss = 1.52844
2026-09-09 04:00:09.857958 Epoch 12  	Train Loss = 1.34186 Val Loss = 1.52976
2026-09-09 04:02:16.398179 Epoch 13  	Train Loss = 1.33821 Val Loss = 1.53201
2026-09-09 04:04:23.206071 Epoch 14  	Train Loss = 1.33441 Val Loss = 1.52952
2026-09-09 04:06:29.811686 Epoch 15  	Train Loss = 1.33134 Val Loss = 1.53014
2026-09-09 04:08:36.477131 Epoch 16  	Train Loss = 1.32912 Val Loss = 1.53305
2026-09-09 04:10:43.549627 Epoch 17  	Train Loss = 1.32567 Val Loss = 1.53180
2026-09-09 04:12:50.724180 Epoch 18  	Train Loss = 1.32349 Val Loss = 1.54026
2026-09-09 04:14:57.356721 Epoch 19  	Train Loss = 1.32079 Val Loss = 1.53466
2026-09-09 04:17:03.825928 Epoch 20  	Train Loss = 1.31849 Val Loss = 1.53909
2026-09-09 04:19:10.571653 Epoch 21  	Train Loss = 1.31640 Val Loss = 1.54197
Early stopping at epoch: 21
Best at epoch 11:
Train Loss = 1.35018
Train RMSE = 2.97498, MAE = 1.34034, MAPE = 2.86937
Val Loss = 1.52844
Val RMSE = 3.52354, MAE = 1.52647, MAPE = 3.46184
Saved Model: ../saved_models/LRPred-PEMSBAY-2026-09-09-03-34-47.pt
--------- Test ---------
All Steps RMSE = 3.49241, MAE = 1.51830, MAPE = 3.41224
Step 1 RMSE = 1.59089, MAE = 0.84373, MAPE = 1.61810
Step 2 RMSE = 2.21914, MAE = 1.10338, MAPE = 2.22011
Step 3 RMSE = 2.70218, MAE = 1.27688, MAPE = 2.66959
Step 4 RMSE = 3.07585, MAE = 1.40443, MAPE = 3.02956
Step 5 RMSE = 3.36103, MAE = 1.50132, MAPE = 3.31759
Step 6 RMSE = 3.58832, MAE = 1.57940, MAPE = 3.56373
Step 7 RMSE = 3.76712, MAE = 1.64190, MAPE = 3.75677
Step 8 RMSE = 3.90604, MAE = 1.69425, MAPE = 3.91533
Step 9 RMSE = 4.01595, MAE = 1.73859, MAPE = 4.05664
Step 10 RMSE = 4.10706, MAE = 1.77791, MAPE = 4.17590
Step 11 RMSE = 4.17905, MAE = 1.81134, MAPE = 4.26770
Step 12 RMSE = 4.25021, MAE = 1.84648, MAPE = 4.35589
Inference time: 12.65 s
