PEMS07
Trainset:	x-(16921, 12, 883, 3)	y-(16921, 12, 883, 1)
Valset:  	x-(5640, 12, 883, 3)  	y-(5640, 12, 883, 1)
Testset:	x-(5640, 12, 883, 3)	y-(5640, 12, 883, 1)

--------- LRPred ---------
{
    "num_nodes": 883,
    "in_steps": 12,
    "out_steps": 12,
    "train_size": 0.6,
    "val_size": 0.2,
    "time_of_day": true,
    "day_of_week": true,
    "lr": 0.001,
    "weight_decay": 0.001,
    "milestones": [
        15,
        35,
        50
    ],
    "lr_decay_rate": 0.1,
    "batch_size": 16,
    "max_epochs": 300,
    "early_stop": 20,
    "use_cl": false,
    "cl_step_size": 2500,
    "model_args": {
        "num_nodes": 883,
        "node_dim": 128,
        "in_steps": 12,
        "out_steps": 12,
        "steps_per_day": 288,
        "input_dim": 3,
        "output_dim": 1,
        "input_embedding_dim": 24,
        "tod_embedding_dim": 24,
        "dow_embedding_dim": 24,
        "spatial_embedding_dim": 24,
        "adaptive_embedding_dim": 0,
        "feed_forward_dim": 256,
        "num_heads": 4,
        "num_layers": 1,
        "dropout": 0.1
    }
}
==========================================================================================
Layer (type:depth-idx)                   Output Shape              Param #
==========================================================================================
LRPred                                   [16, 12, 883, 1]          21,384
├─DataEncoding: 1-1                      [16, 12, 883, 24]         --
│    └─Linear: 2-1                       [16, 12, 883, 24]         168
│    └─ReLU: 2-2                         [16, 12, 883, 24]         --
│    └─Linear: 2-3                       [16, 12, 883, 24]         600
├─Embedding: 1-2                         [16, 12, 883, 24]         6,912
├─Embedding: 1-3                         [16, 12, 883, 24]         168
├─TemporalContextGate: 1-4               [16, 12, 883, 96]         --
│    └─Sequential: 2-4                   [16, 12, 883, 96]         --
│    │    └─Linear: 3-1                  [16, 12, 883, 96]         9,312
│    │    └─Sigmoid: 3-2                 [16, 12, 883, 96]         --
├─Tanh: 1-5                              [883, 883]                --
├─MGTU: 1-6                              [16, 96, 883, 12]         --
│    └─GTU: 2-5                          [16, 96, 883, 12]         --
│    │    └─Conv2d: 3-3                  [16, 192, 883, 12]        18,624
│    │    └─Tanh: 3-4                    [16, 96, 883, 12]         --
│    │    └─Sigmoid: 3-5                 [16, 96, 883, 12]         --
│    └─Gcn: 2-6                          [16, 96, 883, 12]         --
│    │    └─nconv: 3-6                   [16, 96, 883, 12]         --
│    │    └─nconv: 3-7                   [16, 96, 883, 12]         --
│    │    └─nconv: 3-8                   [16, 96, 883, 12]         --
│    │    └─nconv: 3-9                   [16, 96, 883, 12]         --
│    │    └─nconv: 3-10                  [16, 96, 883, 12]         --
│    │    └─nconv: 3-11                  [16, 96, 883, 12]         --
│    │    └─nconv: 3-12                  [16, 96, 883, 12]         --
│    │    └─nconv: 3-13                  [16, 96, 883, 12]         --
│    │    └─nconv: 3-14                  [16, 96, 883, 12]         --
│    │    └─linear: 3-15                 [16, 96, 883, 12]         92,256
├─MGTU: 1-7                              [16, 96, 883, 10]         --
│    └─GTU: 2-7                          [16, 96, 883, 10]         --
│    │    └─Conv2d: 3-16                 [16, 192, 883, 10]        55,488
│    │    └─Tanh: 3-17                   [16, 96, 883, 10]         --
│    │    └─Sigmoid: 3-18                [16, 96, 883, 10]         --
│    └─Gcn: 2-8                          [16, 96, 883, 10]         --
│    │    └─nconv: 3-19                  [16, 96, 883, 10]         --
│    │    └─nconv: 3-20                  [16, 96, 883, 10]         --
│    │    └─nconv: 3-21                  [16, 96, 883, 10]         --
│    │    └─nconv: 3-22                  [16, 96, 883, 10]         --
│    │    └─nconv: 3-23                  [16, 96, 883, 10]         --
│    │    └─nconv: 3-24                  [16, 96, 883, 10]         --
│    │    └─nconv: 3-25                  [16, 96, 883, 10]         --
│    │    └─nconv: 3-26                  [16, 96, 883, 10]         --
│    │    └─nconv: 3-27                  [16, 96, 883, 10]         --
│    │    └─linear: 3-28                 [16, 96, 883, 10]         92,256
├─MGTU: 1-8                              [16, 96, 883, 8]          --
│    └─GTU: 2-9                          [16, 96, 883, 8]          --
│    │    └─Conv2d: 3-29                 [16, 192, 883, 8]         92,352
│    │    └─Tanh: 3-30                   [16, 96, 883, 8]          --
│    │    └─Sigmoid: 3-31                [16, 96, 883, 8]          --
│    └─Gcn: 2-10                         [16, 96, 883, 8]          --
│    │    └─nconv: 3-32                  [16, 96, 883, 8]          --
│    │    └─nconv: 3-33                  [16, 96, 883, 8]          --
│    │    └─nconv: 3-34                  [16, 96, 883, 8]          --
│    │    └─nconv: 3-35                  [16, 96, 883, 8]          --
│    │    └─nconv: 3-36                  [16, 96, 883, 8]          --
│    │    └─nconv: 3-37                  [16, 96, 883, 8]          --
│    │    └─nconv: 3-38                  [16, 96, 883, 8]          --
│    │    └─nconv: 3-39                  [16, 96, 883, 8]          --
│    │    └─nconv: 3-40                  [16, 96, 883, 8]          --
│    │    └─linear: 3-41                 [16, 96, 883, 8]          92,256
├─MGTU: 1-9                              [16, 96, 883, 6]          --
│    └─GTU: 2-11                         [16, 96, 883, 6]          --
│    │    └─Conv2d: 3-42                 [16, 192, 883, 6]         129,216
│    │    └─Tanh: 3-43                   [16, 96, 883, 6]          --
│    │    └─Sigmoid: 3-44                [16, 96, 883, 6]          --
│    └─Gcn: 2-12                         [16, 96, 883, 6]          --
│    │    └─nconv: 3-45                  [16, 96, 883, 6]          --
│    │    └─nconv: 3-46                  [16, 96, 883, 6]          --
│    │    └─nconv: 3-47                  [16, 96, 883, 6]          --
│    │    └─nconv: 3-48                  [16, 96, 883, 6]          --
│    │    └─nconv: 3-49                  [16, 96, 883, 6]          --
│    │    └─nconv: 3-50                  [16, 96, 883, 6]          --
│    │    └─nconv: 3-51                  [16, 96, 883, 6]          --
│    │    └─nconv: 3-52                  [16, 96, 883, 6]          --
│    │    └─nconv: 3-53                  [16, 96, 883, 6]          --
│    │    └─linear: 3-54                 [16, 96, 883, 6]          92,256
├─Sequential: 1-10                       [16, 96, 883, 12]         --
│    └─Linear: 2-13                      [16, 96, 883, 12]         444
│    └─Dropout: 2-14                     [16, 96, 883, 12]         --
├─TemporalResidualMLP: 1-11              [16, 12, 883, 96]         --
│    └─Sequential: 2-15                  [16, 12, 883, 96]         --
│    │    └─Linear: 3-55                 [16, 12, 883, 96]         9,312
│    │    └─GELU: 3-56                   [16, 12, 883, 96]         --
│    │    └─Linear: 3-57                 [16, 12, 883, 96]         9,312
├─LayerNorm: 1-12                        [16, 12, 883, 96]         192
├─GRU: 1-13                              [16, 883, 96]             --
│    └─Linear: 2-16                      [16, 883, 96]             18,528
│    └─Sigmoid: 2-17                     [16, 883, 96]             --
│    └─Linear: 2-18                      [16, 883, 96]             18,528
│    └─Sigmoid: 2-19                     [16, 883, 96]             --
│    └─Linear: 2-20                      [16, 883, 96]             18,528
│    └─Tanh: 2-21                        [16, 883, 96]             --
├─GRU: 1-14                              [16, 883, 96]             (recursive)
│    └─Linear: 2-22                      [16, 883, 96]             (recursive)
│    └─Sigmoid: 2-23                     [16, 883, 96]             --
│    └─Linear: 2-24                      [16, 883, 96]             (recursive)
│    └─Sigmoid: 2-25                     [16, 883, 96]             --
│    └─Linear: 2-26                      [16, 883, 96]             (recursive)
│    └─Tanh: 2-27                        [16, 883, 96]             --
├─GRU: 1-15                              [16, 883, 96]             (recursive)
│    └─Linear: 2-28                      [16, 883, 96]             (recursive)
│    └─Sigmoid: 2-29                     [16, 883, 96]             --
│    └─Linear: 2-30                      [16, 883, 96]             (recursive)
│    └─Sigmoid: 2-31                     [16, 883, 96]             --
│    └─Linear: 2-32                      [16, 883, 96]             (recursive)
│    └─Tanh: 2-33                        [16, 883, 96]             --
├─GRU: 1-16                              [16, 883, 96]             (recursive)
│    └─Linear: 2-34                      [16, 883, 96]             (recursive)
│    └─Sigmoid: 2-35                     [16, 883, 96]             --
│    └─Linear: 2-36                      [16, 883, 96]             (recursive)
│    └─Sigmoid: 2-37                     [16, 883, 96]             --
│    └─Linear: 2-38                      [16, 883, 96]             (recursive)
│    └─Tanh: 2-39                        [16, 883, 96]             --
├─GRU: 1-17                              [16, 883, 96]             (recursive)
│    └─Linear: 2-40                      [16, 883, 96]             (recursive)
│    └─Sigmoid: 2-41                     [16, 883, 96]             --
│    └─Linear: 2-42                      [16, 883, 96]             (recursive)
│    └─Sigmoid: 2-43                     [16, 883, 96]             --
│    └─Linear: 2-44                      [16, 883, 96]             (recursive)
│    └─Tanh: 2-45                        [16, 883, 96]             --
├─GRU: 1-18                              [16, 883, 96]             (recursive)
│    └─Linear: 2-46                      [16, 883, 96]             (recursive)
│    └─Sigmoid: 2-47                     [16, 883, 96]             --
│    └─Linear: 2-48                      [16, 883, 96]             (recursive)
│    └─Sigmoid: 2-49                     [16, 883, 96]             --
│    └─Linear: 2-50                      [16, 883, 96]             (recursive)
│    └─Tanh: 2-51                        [16, 883, 96]             --
├─GRU: 1-19                              [16, 883, 96]             (recursive)
│    └─Linear: 2-52                      [16, 883, 96]             (recursive)
│    └─Sigmoid: 2-53                     [16, 883, 96]             --
│    └─Linear: 2-54                      [16, 883, 96]             (recursive)
│    └─Sigmoid: 2-55                     [16, 883, 96]             --
│    └─Linear: 2-56                      [16, 883, 96]             (recursive)
│    └─Tanh: 2-57                        [16, 883, 96]             --
├─GRU: 1-20                              [16, 883, 96]             (recursive)
│    └─Linear: 2-58                      [16, 883, 96]             (recursive)
│    └─Sigmoid: 2-59                     [16, 883, 96]             --
│    └─Linear: 2-60                      [16, 883, 96]             (recursive)
│    └─Sigmoid: 2-61                     [16, 883, 96]             --
│    └─Linear: 2-62                      [16, 883, 96]             (recursive)
│    └─Tanh: 2-63                        [16, 883, 96]             --
├─GRU: 1-21                              [16, 883, 96]             (recursive)
│    └─Linear: 2-64                      [16, 883, 96]             (recursive)
│    └─Sigmoid: 2-65                     [16, 883, 96]             --
│    └─Linear: 2-66                      [16, 883, 96]             (recursive)
│    └─Sigmoid: 2-67                     [16, 883, 96]             --
│    └─Linear: 2-68                      [16, 883, 96]             (recursive)
│    └─Tanh: 2-69                        [16, 883, 96]             --
├─GRU: 1-22                              [16, 883, 96]             (recursive)
│    └─Linear: 2-70                      [16, 883, 96]             (recursive)
│    └─Sigmoid: 2-71                     [16, 883, 96]             --
│    └─Linear: 2-72                      [16, 883, 96]             (recursive)
│    └─Sigmoid: 2-73                     [16, 883, 96]             --
│    └─Linear: 2-74                      [16, 883, 96]             (recursive)
│    └─Tanh: 2-75                        [16, 883, 96]             --
├─GRU: 1-23                              [16, 883, 96]             (recursive)
│    └─Linear: 2-76                      [16, 883, 96]             (recursive)
│    └─Sigmoid: 2-77                     [16, 883, 96]             --
│    └─Linear: 2-78                      [16, 883, 96]             (recursive)
│    └─Sigmoid: 2-79                     [16, 883, 96]             --
│    └─Linear: 2-80                      [16, 883, 96]             (recursive)
│    └─Tanh: 2-81                        [16, 883, 96]             --
├─GRU: 1-24                              [16, 883, 96]             (recursive)
│    └─Linear: 2-82                      [16, 883, 96]             (recursive)
│    └─Sigmoid: 2-83                     [16, 883, 96]             --
│    └─Linear: 2-84                      [16, 883, 96]             (recursive)
│    └─Sigmoid: 2-85                     [16, 883, 96]             --
│    └─Linear: 2-86                      [16, 883, 96]             (recursive)
│    └─Tanh: 2-87                        [16, 883, 96]             --
├─ModuleList: 1-25                       --                        --
│    └─SelfAttentionLayer: 2-88          [16, 12, 883, 96]         --
│    │    └─AttentionLayer: 3-58         [16, 12, 883, 96]         37,248
│    │    └─Linear: 3-59                 [16, 12, 883, 96]         9,312
│    │    └─GELU: 3-60                   [16, 12, 883, 96]         --
│    │    └─Dropout: 3-61                [16, 12, 883, 96]         --
│    │    └─LayerNorm: 3-62              [16, 12, 883, 96]         192
│    │    └─Sequential: 3-63             [16, 12, 883, 96]         49,504
│    │    └─Dropout: 3-64                [16, 12, 883, 96]         --
│    │    └─LayerNorm: 3-65              [16, 12, 883, 96]         192
├─time_wise_predictor: 1-26              [16, 12, 883, 1]          --
│    └─Sequential: 2-89                  [16, 883, 128]            --
│    │    └─Linear: 3-66                 [16, 883, 128]            147,584
│    │    └─GELU: 3-67                   [16, 883, 128]            --
│    └─ModuleList: 2-90                  --                        --
│    │    └─Linear: 3-68                 [16, 883, 1]              129
│    │    └─Linear: 3-69                 [16, 883, 1]              129
│    │    └─Linear: 3-70                 [16, 883, 1]              129
│    │    └─Linear: 3-71                 [16, 883, 1]              129
│    │    └─Linear: 3-72                 [16, 883, 1]              129
│    │    └─Linear: 3-73                 [16, 883, 1]              129
│    │    └─Linear: 3-74                 [16, 883, 1]              129
│    │    └─Linear: 3-75                 [16, 883, 1]              129
│    │    └─Linear: 3-76                 [16, 883, 1]              129
│    │    └─Linear: 3-77                 [16, 883, 1]              129
│    │    └─Linear: 3-78                 [16, 883, 1]              129
│    │    └─Linear: 3-79                 [16, 883, 1]              129
==========================================================================================
Total params: 1,023,672
Trainable params: 1,023,672
Non-trainable params: 0
Total mult-adds (G): 79.33
==========================================================================================
Input size (MB): 2.03
Forward/backward pass size (MB): 3748.33
Params size (MB): 4.01
Estimated Total Size (MB): 3754.37
==========================================================================================

Loss: HuberLoss

2026-09-09 14:51:13.466993 Epoch 1  	Train Loss = 26.57983 Val Loss = 21.90558
2026-09-09 14:55:15.822132 Epoch 2  	Train Loss = 21.16704 Val Loss = 20.64045
2026-09-09 14:59:15.357089 Epoch 3  	Train Loss = 20.08822 Val Loss = 20.26816
2026-09-09 15:03:16.929465 Epoch 4  	Train Loss = 19.58967 Val Loss = 19.89375
2026-09-09 15:07:18.992186 Epoch 5  	Train Loss = 19.28290 Val Loss = 19.86655
2026-09-09 15:11:20.668123 Epoch 6  	Train Loss = 19.06921 Val Loss = 19.66198
2026-09-09 15:15:22.678872 Epoch 7  	Train Loss = 18.85104 Val Loss = 19.25369
2026-09-09 15:19:26.381910 Epoch 8  	Train Loss = 18.70527 Val Loss = 19.16754
2026-09-09 15:23:27.495192 Epoch 9  	Train Loss = 18.55654 Val Loss = 18.96829
2026-09-09 15:27:30.712000 Epoch 10  	Train Loss = 18.45750 Val Loss = 18.89673
2026-09-09 15:31:31.658068 Epoch 11  	Train Loss = 18.36667 Val Loss = 18.68206
2026-09-09 15:35:32.973229 Epoch 12  	Train Loss = 18.27583 Val Loss = 18.70437
2026-09-09 15:39:33.918836 Epoch 13  	Train Loss = 18.18584 Val Loss = 18.85031
2026-09-09 15:43:36.627839 Epoch 14  	Train Loss = 18.16024 Val Loss = 18.60392
2026-09-09 15:47:38.672050 Epoch 15  	Train Loss = 18.07778 Val Loss = 18.60069
2026-09-09 15:51:40.200541 Epoch 16  	Train Loss = 17.58635 Val Loss = 18.21481
2026-09-09 15:55:42.386544 Epoch 17  	Train Loss = 17.51579 Val Loss = 18.22205
2026-09-09 15:59:42.254739 Epoch 18  	Train Loss = 17.48549 Val Loss = 18.20052
2026-09-09 16:03:44.172339 Epoch 19  	Train Loss = 17.46073 Val Loss = 18.20776
2026-09-09 16:07:43.555982 Epoch 20  	Train Loss = 17.43878 Val Loss = 18.22644
2026-09-09 16:11:47.910564 Epoch 21  	Train Loss = 17.42015 Val Loss = 18.22945
2026-09-09 16:15:49.890477 Epoch 22  	Train Loss = 17.40068 Val Loss = 18.19502
2026-09-09 16:19:51.068232 Epoch 23  	Train Loss = 17.38715 Val Loss = 18.13086
2026-09-09 16:23:51.263276 Epoch 24  	Train Loss = 17.37037 Val Loss = 18.15273
2026-09-09 16:27:52.717924 Epoch 25  	Train Loss = 17.35644 Val Loss = 18.17784
2026-09-09 16:31:52.282002 Epoch 26  	Train Loss = 17.34224 Val Loss = 18.13189
2026-09-09 16:35:52.425457 Epoch 27  	Train Loss = 17.33076 Val Loss = 18.15065
2026-09-09 16:39:53.521190 Epoch 28  	Train Loss = 17.31879 Val Loss = 18.15244
2026-09-09 16:43:52.862457 Epoch 29  	Train Loss = 17.30659 Val Loss = 18.13586
2026-09-09 16:47:53.679039 Epoch 30  	Train Loss = 17.29455 Val Loss = 18.14967
2026-09-09 16:51:54.865674 Epoch 31  	Train Loss = 17.28354 Val Loss = 18.11351
2026-09-09 16:55:56.212023 Epoch 32  	Train Loss = 17.27089 Val Loss = 18.11973
2026-09-09 16:59:57.868339 Epoch 33  	Train Loss = 17.26057 Val Loss = 18.07940
2026-09-09 17:03:57.727267 Epoch 34  	Train Loss = 17.25188 Val Loss = 18.07820
2026-09-09 17:07:55.318890 Epoch 35  	Train Loss = 17.23993 Val Loss = 18.13164
2026-09-09 17:11:59.159956 Epoch 36  	Train Loss = 17.17139 Val Loss = 18.06923
2026-09-09 17:16:03.591733 Epoch 37  	Train Loss = 17.16216 Val Loss = 18.06598
2026-09-09 17:20:01.763376 Epoch 38  	Train Loss = 17.15985 Val Loss = 18.07711
2026-09-09 17:24:01.349115 Epoch 39  	Train Loss = 17.15781 Val Loss = 18.06837
2026-09-09 17:28:04.107312 Epoch 40  	Train Loss = 17.15599 Val Loss = 18.06653
2026-09-09 17:32:05.547387 Epoch 41  	Train Loss = 17.15447 Val Loss = 18.07825
2026-09-09 17:36:07.465827 Epoch 42  	Train Loss = 17.15259 Val Loss = 18.06959
2026-09-09 17:40:08.305358 Epoch 43  	Train Loss = 17.14993 Val Loss = 18.06653
2026-09-09 17:44:10.609884 Epoch 44  	Train Loss = 17.14883 Val Loss = 18.06460
2026-09-09 17:48:09.643832 Epoch 45  	Train Loss = 17.14729 Val Loss = 18.07007
2026-09-09 17:52:05.898516 Epoch 46  	Train Loss = 17.14509 Val Loss = 18.05841
2026-09-09 17:56:08.281064 Epoch 47  	Train Loss = 17.14275 Val Loss = 18.07105
2026-09-09 18:00:11.042313 Epoch 48  	Train Loss = 17.14205 Val Loss = 18.05833
2026-09-09 18:04:08.561225 Epoch 49  	Train Loss = 17.14171 Val Loss = 18.07121
2026-09-09 18:08:07.671167 Epoch 50  	Train Loss = 17.13734 Val Loss = 18.06568
2026-09-09 18:12:08.377175 Epoch 51  	Train Loss = 17.13150 Val Loss = 18.06692
2026-09-09 18:16:08.702332 Epoch 52  	Train Loss = 17.13072 Val Loss = 18.06309
2026-09-09 18:20:08.393261 Epoch 53  	Train Loss = 17.12981 Val Loss = 18.06035
2026-09-09 18:24:07.918857 Epoch 54  	Train Loss = 17.12933 Val Loss = 18.06134
2026-09-09 18:28:09.425971 Epoch 55  	Train Loss = 17.12988 Val Loss = 18.06014
2026-09-09 18:32:09.422833 Epoch 56  	Train Loss = 17.12832 Val Loss = 18.06389
2026-09-09 18:36:05.852223 Epoch 57  	Train Loss = 17.12862 Val Loss = 18.06340
2026-09-09 18:40:06.820938 Epoch 58  	Train Loss = 17.12795 Val Loss = 18.06277
2026-09-09 18:44:12.568252 Epoch 59  	Train Loss = 17.12832 Val Loss = 18.06211
2026-09-09 18:48:13.044202 Epoch 60  	Train Loss = 17.12685 Val Loss = 18.06268
2026-09-09 18:52:13.529740 Epoch 61  	Train Loss = 17.12762 Val Loss = 18.06208
2026-09-09 18:56:15.133151 Epoch 62  	Train Loss = 17.12871 Val Loss = 18.06191
2026-09-09 19:00:16.119659 Epoch 63  	Train Loss = 17.12825 Val Loss = 18.06515
2026-09-09 19:04:17.623647 Epoch 64  	Train Loss = 17.12780 Val Loss = 18.06430
2026-09-09 19:08:20.524814 Epoch 65  	Train Loss = 17.12780 Val Loss = 18.06113
2026-09-09 19:12:19.461639 Epoch 66  	Train Loss = 17.12857 Val Loss = 18.06314
2026-09-09 19:16:20.806667 Epoch 67  	Train Loss = 17.12684 Val Loss = 18.06626
2026-09-09 19:20:21.409540 Epoch 68  	Train Loss = 17.12806 Val Loss = 18.06284
Early stopping at epoch: 68
Best at epoch 48:
Train Loss = 17.14205
Train RMSE = 30.32353, MAE = 17.65270, MAPE = 7.68771
Val Loss = 18.05833
Val RMSE = 31.81106, MAE = 18.57898, MAPE = 8.09263
Saved Model: ../saved_models/LRPred-PEMS07-2026-09-09-14-44-00.pt
--------- Test ---------
All Steps RMSE = 32.26469, MAE = 18.96510, MAPE = 7.90099
Step 1 RMSE = 26.39241, MAE = 16.16291, MAPE = 6.76545
Step 2 RMSE = 28.56596, MAE = 17.14337, MAPE = 7.16237
Step 3 RMSE = 29.92366, MAE = 17.80822, MAPE = 7.41573
Step 4 RMSE = 30.94729, MAE = 18.31368, MAPE = 7.62141
Step 5 RMSE = 31.77356, MAE = 18.71630, MAPE = 7.78207
Step 6 RMSE = 32.46250, MAE = 19.06953, MAPE = 7.92832
Step 7 RMSE = 33.08169, MAE = 19.38560, MAPE = 8.05526
Step 8 RMSE = 33.63430, MAE = 19.68154, MAPE = 8.17954
Step 9 RMSE = 34.10283, MAE = 19.93756, MAPE = 8.29325
Step 10 RMSE = 34.54270, MAE = 20.18516, MAPE = 8.40677
Step 11 RMSE = 34.99949, MAE = 20.45496, MAPE = 8.53279
Step 12 RMSE = 35.44083, MAE = 20.71956, MAPE = 8.66790
Inference time: 27.24 s
