PEMS04
Trainset:	x-(10181, 12, 307, 3)	y-(10181, 12, 307, 1)
Valset:  	x-(3394, 12, 307, 3)  	y-(3394, 12, 307, 1)
Testset:	x-(3394, 12, 307, 3)	y-(3394, 12, 307, 1)

--------- LRPred ---------
{
    "num_nodes": 307,
    "in_steps": 12,
    "out_steps": 12,
    "train_size": 0.6,
    "val_size": 0.2,
    "time_of_day": true,
    "day_of_week": true,
    "lr": 0.001,
    "weight_decay": 0.0005,
    "milestones": [
        15,
        35,
        50
    ],
    "lr_decay_rate": 0.1,
    "batch_size": 16,
    "max_epochs": 300,
    "early_stop": 20,
    "use_cl": false,
    "cl_step_size": 2500,
    "model_args": {
        "num_nodes": 307,
        "node_dim": 128,
        "in_steps": 12,
        "out_steps": 12,
        "steps_per_day": 288,
        "input_dim": 3,
        "output_dim": 1,
        "input_embedding_dim": 24,
        "tod_embedding_dim": 24,
        "dow_embedding_dim": 24,
        "spatial_embedding_dim": 24,
        "adaptive_embedding_dim": 0,
        "feed_forward_dim": 256,
        "num_heads": 4,
        "num_layers": 1,
        "dropout": 0.1
    }
}
==========================================================================================
Layer (type:depth-idx)                   Output Shape              Param #
==========================================================================================
LRPred                                   [16, 12, 307, 1]          7,560
├─DataEncoding: 1-1                      [16, 12, 307, 24]         --
│    └─Linear: 2-1                       [16, 12, 307, 24]         168
│    └─ReLU: 2-2                         [16, 12, 307, 24]         --
│    └─Linear: 2-3                       [16, 12, 307, 24]         600
├─Embedding: 1-2                         [16, 12, 307, 24]         6,912
├─Embedding: 1-3                         [16, 12, 307, 24]         168
├─TemporalContextGate: 1-4               [16, 12, 307, 96]         --
│    └─Sequential: 2-4                   [16, 12, 307, 96]         --
│    │    └─Linear: 3-1                  [16, 12, 307, 96]         9,312
│    │    └─Sigmoid: 3-2                 [16, 12, 307, 96]         --
├─Tanh: 1-5                              [307, 307]                --
├─MGTU: 1-6                              [16, 96, 307, 12]         --
│    └─GTU: 2-5                          [16, 96, 307, 12]         --
│    │    └─Conv2d: 3-3                  [16, 192, 307, 12]        18,624
│    │    └─Tanh: 3-4                    [16, 96, 307, 12]         --
│    │    └─Sigmoid: 3-5                 [16, 96, 307, 12]         --
│    └─Gcn: 2-6                          [16, 96, 307, 12]         --
│    │    └─nconv: 3-6                   [16, 96, 307, 12]         --
│    │    └─nconv: 3-7                   [16, 96, 307, 12]         --
│    │    └─nconv: 3-8                   [16, 96, 307, 12]         --
│    │    └─nconv: 3-9                   [16, 96, 307, 12]         --
│    │    └─nconv: 3-10                  [16, 96, 307, 12]         --
│    │    └─nconv: 3-11                  [16, 96, 307, 12]         --
│    │    └─nconv: 3-12                  [16, 96, 307, 12]         --
│    │    └─nconv: 3-13                  [16, 96, 307, 12]         --
│    │    └─nconv: 3-14                  [16, 96, 307, 12]         --
│    │    └─linear: 3-15                 [16, 96, 307, 12]         92,256
├─MGTU: 1-7                              [16, 96, 307, 10]         --
│    └─GTU: 2-7                          [16, 96, 307, 10]         --
│    │    └─Conv2d: 3-16                 [16, 192, 307, 10]        55,488
│    │    └─Tanh: 3-17                   [16, 96, 307, 10]         --
│    │    └─Sigmoid: 3-18                [16, 96, 307, 10]         --
│    └─Gcn: 2-8                          [16, 96, 307, 10]         --
│    │    └─nconv: 3-19                  [16, 96, 307, 10]         --
│    │    └─nconv: 3-20                  [16, 96, 307, 10]         --
│    │    └─nconv: 3-21                  [16, 96, 307, 10]         --
│    │    └─nconv: 3-22                  [16, 96, 307, 10]         --
│    │    └─nconv: 3-23                  [16, 96, 307, 10]         --
│    │    └─nconv: 3-24                  [16, 96, 307, 10]         --
│    │    └─nconv: 3-25                  [16, 96, 307, 10]         --
│    │    └─nconv: 3-26                  [16, 96, 307, 10]         --
│    │    └─nconv: 3-27                  [16, 96, 307, 10]         --
│    │    └─linear: 3-28                 [16, 96, 307, 10]         92,256
├─MGTU: 1-8                              [16, 96, 307, 8]          --
│    └─GTU: 2-9                          [16, 96, 307, 8]          --
│    │    └─Conv2d: 3-29                 [16, 192, 307, 8]         92,352
│    │    └─Tanh: 3-30                   [16, 96, 307, 8]          --
│    │    └─Sigmoid: 3-31                [16, 96, 307, 8]          --
│    └─Gcn: 2-10                         [16, 96, 307, 8]          --
│    │    └─nconv: 3-32                  [16, 96, 307, 8]          --
│    │    └─nconv: 3-33                  [16, 96, 307, 8]          --
│    │    └─nconv: 3-34                  [16, 96, 307, 8]          --
│    │    └─nconv: 3-35                  [16, 96, 307, 8]          --
│    │    └─nconv: 3-36                  [16, 96, 307, 8]          --
│    │    └─nconv: 3-37                  [16, 96, 307, 8]          --
│    │    └─nconv: 3-38                  [16, 96, 307, 8]          --
│    │    └─nconv: 3-39                  [16, 96, 307, 8]          --
│    │    └─nconv: 3-40                  [16, 96, 307, 8]          --
│    │    └─linear: 3-41                 [16, 96, 307, 8]          92,256
├─MGTU: 1-9                              [16, 96, 307, 6]          --
│    └─GTU: 2-11                         [16, 96, 307, 6]          --
│    │    └─Conv2d: 3-42                 [16, 192, 307, 6]         129,216
│    │    └─Tanh: 3-43                   [16, 96, 307, 6]          --
│    │    └─Sigmoid: 3-44                [16, 96, 307, 6]          --
│    └─Gcn: 2-12                         [16, 96, 307, 6]          --
│    │    └─nconv: 3-45                  [16, 96, 307, 6]          --
│    │    └─nconv: 3-46                  [16, 96, 307, 6]          --
│    │    └─nconv: 3-47                  [16, 96, 307, 6]          --
│    │    └─nconv: 3-48                  [16, 96, 307, 6]          --
│    │    └─nconv: 3-49                  [16, 96, 307, 6]          --
│    │    └─nconv: 3-50                  [16, 96, 307, 6]          --
│    │    └─nconv: 3-51                  [16, 96, 307, 6]          --
│    │    └─nconv: 3-52                  [16, 96, 307, 6]          --
│    │    └─nconv: 3-53                  [16, 96, 307, 6]          --
│    │    └─linear: 3-54                 [16, 96, 307, 6]          92,256
├─Sequential: 1-10                       [16, 96, 307, 12]         --
│    └─Linear: 2-13                      [16, 96, 307, 12]         444
│    └─Dropout: 2-14                     [16, 96, 307, 12]         --
├─TemporalResidualMLP: 1-11              [16, 12, 307, 96]         --
│    └─Sequential: 2-15                  [16, 12, 307, 96]         --
│    │    └─Linear: 3-55                 [16, 12, 307, 96]         9,312
│    │    └─GELU: 3-56                   [16, 12, 307, 96]         --
│    │    └─Linear: 3-57                 [16, 12, 307, 96]         9,312
├─LayerNorm: 1-12                        [16, 12, 307, 96]         192
├─GRU: 1-13                              [16, 307, 96]             --
│    └─Linear: 2-16                      [16, 307, 96]             18,528
│    └─Sigmoid: 2-17                     [16, 307, 96]             --
│    └─Linear: 2-18                      [16, 307, 96]             18,528
│    └─Sigmoid: 2-19                     [16, 307, 96]             --
│    └─Linear: 2-20                      [16, 307, 96]             18,528
│    └─Tanh: 2-21                        [16, 307, 96]             --
├─GRU: 1-14                              [16, 307, 96]             (recursive)
│    └─Linear: 2-22                      [16, 307, 96]             (recursive)
│    └─Sigmoid: 2-23                     [16, 307, 96]             --
│    └─Linear: 2-24                      [16, 307, 96]             (recursive)
│    └─Sigmoid: 2-25                     [16, 307, 96]             --
│    └─Linear: 2-26                      [16, 307, 96]             (recursive)
│    └─Tanh: 2-27                        [16, 307, 96]             --
├─GRU: 1-15                              [16, 307, 96]             (recursive)
│    └─Linear: 2-28                      [16, 307, 96]             (recursive)
│    └─Sigmoid: 2-29                     [16, 307, 96]             --
│    └─Linear: 2-30                      [16, 307, 96]             (recursive)
│    └─Sigmoid: 2-31                     [16, 307, 96]             --
│    └─Linear: 2-32                      [16, 307, 96]             (recursive)
│    └─Tanh: 2-33                        [16, 307, 96]             --
├─GRU: 1-16                              [16, 307, 96]             (recursive)
│    └─Linear: 2-34                      [16, 307, 96]             (recursive)
│    └─Sigmoid: 2-35                     [16, 307, 96]             --
│    └─Linear: 2-36                      [16, 307, 96]             (recursive)
│    └─Sigmoid: 2-37                     [16, 307, 96]             --
│    └─Linear: 2-38                      [16, 307, 96]             (recursive)
│    └─Tanh: 2-39                        [16, 307, 96]             --
├─GRU: 1-17                              [16, 307, 96]             (recursive)
│    └─Linear: 2-40                      [16, 307, 96]             (recursive)
│    └─Sigmoid: 2-41                     [16, 307, 96]             --
│    └─Linear: 2-42                      [16, 307, 96]             (recursive)
│    └─Sigmoid: 2-43                     [16, 307, 96]             --
│    └─Linear: 2-44                      [16, 307, 96]             (recursive)
│    └─Tanh: 2-45                        [16, 307, 96]             --
├─GRU: 1-18                              [16, 307, 96]             (recursive)
│    └─Linear: 2-46                      [16, 307, 96]             (recursive)
│    └─Sigmoid: 2-47                     [16, 307, 96]             --
│    └─Linear: 2-48                      [16, 307, 96]             (recursive)
│    └─Sigmoid: 2-49                     [16, 307, 96]             --
│    └─Linear: 2-50                      [16, 307, 96]             (recursive)
│    └─Tanh: 2-51                        [16, 307, 96]             --
├─GRU: 1-19                              [16, 307, 96]             (recursive)
│    └─Linear: 2-52                      [16, 307, 96]             (recursive)
│    └─Sigmoid: 2-53                     [16, 307, 96]             --
│    └─Linear: 2-54                      [16, 307, 96]             (recursive)
│    └─Sigmoid: 2-55                     [16, 307, 96]             --
│    └─Linear: 2-56                      [16, 307, 96]             (recursive)
│    └─Tanh: 2-57                        [16, 307, 96]             --
├─GRU: 1-20                              [16, 307, 96]             (recursive)
│    └─Linear: 2-58                      [16, 307, 96]             (recursive)
│    └─Sigmoid: 2-59                     [16, 307, 96]             --
│    └─Linear: 2-60                      [16, 307, 96]             (recursive)
│    └─Sigmoid: 2-61                     [16, 307, 96]             --
│    └─Linear: 2-62                      [16, 307, 96]             (recursive)
│    └─Tanh: 2-63                        [16, 307, 96]             --
├─GRU: 1-21                              [16, 307, 96]             (recursive)
│    └─Linear: 2-64                      [16, 307, 96]             (recursive)
│    └─Sigmoid: 2-65                     [16, 307, 96]             --
│    └─Linear: 2-66                      [16, 307, 96]             (recursive)
│    └─Sigmoid: 2-67                     [16, 307, 96]             --
│    └─Linear: 2-68                      [16, 307, 96]             (recursive)
│    └─Tanh: 2-69                        [16, 307, 96]             --
├─GRU: 1-22                              [16, 307, 96]             (recursive)
│    └─Linear: 2-70                      [16, 307, 96]             (recursive)
│    └─Sigmoid: 2-71                     [16, 307, 96]             --
│    └─Linear: 2-72                      [16, 307, 96]             (recursive)
│    └─Sigmoid: 2-73                     [16, 307, 96]             --
│    └─Linear: 2-74                      [16, 307, 96]             (recursive)
│    └─Tanh: 2-75                        [16, 307, 96]             --
├─GRU: 1-23                              [16, 307, 96]             (recursive)
│    └─Linear: 2-76                      [16, 307, 96]             (recursive)
│    └─Sigmoid: 2-77                     [16, 307, 96]             --
│    └─Linear: 2-78                      [16, 307, 96]             (recursive)
│    └─Sigmoid: 2-79                     [16, 307, 96]             --
│    └─Linear: 2-80                      [16, 307, 96]             (recursive)
│    └─Tanh: 2-81                        [16, 307, 96]             --
├─GRU: 1-24                              [16, 307, 96]             (recursive)
│    └─Linear: 2-82                      [16, 307, 96]             (recursive)
│    └─Sigmoid: 2-83                     [16, 307, 96]             --
│    └─Linear: 2-84                      [16, 307, 96]             (recursive)
│    └─Sigmoid: 2-85                     [16, 307, 96]             --
│    └─Linear: 2-86                      [16, 307, 96]             (recursive)
│    └─Tanh: 2-87                        [16, 307, 96]             --
├─ModuleList: 1-25                       --                        --
│    └─SelfAttentionLayer: 2-88          [16, 12, 307, 96]         --
│    │    └─AttentionLayer: 3-58         [16, 12, 307, 96]         37,248
│    │    └─Linear: 3-59                 [16, 12, 307, 96]         9,312
│    │    └─GELU: 3-60                   [16, 12, 307, 96]         --
│    │    └─Dropout: 3-61                [16, 12, 307, 96]         --
│    │    └─LayerNorm: 3-62              [16, 12, 307, 96]         192
│    │    └─Sequential: 3-63             [16, 12, 307, 96]         49,504
│    │    └─Dropout: 3-64                [16, 12, 307, 96]         --
│    │    └─LayerNorm: 3-65              [16, 12, 307, 96]         192
├─time_wise_predictor: 1-26              [16, 12, 307, 1]          --
│    └─Sequential: 2-89                  [16, 307, 128]            --
│    │    └─Linear: 3-66                 [16, 307, 128]            147,584
│    │    └─GELU: 3-67                   [16, 307, 128]            --
│    └─ModuleList: 2-90                  --                        --
│    │    └─Linear: 3-68                 [16, 307, 1]              129
│    │    └─Linear: 3-69                 [16, 307, 1]              129
│    │    └─Linear: 3-70                 [16, 307, 1]              129
│    │    └─Linear: 3-71                 [16, 307, 1]              129
│    │    └─Linear: 3-72                 [16, 307, 1]              129
│    │    └─Linear: 3-73                 [16, 307, 1]              129
│    │    └─Linear: 3-74                 [16, 307, 1]              129
│    │    └─Linear: 3-75                 [16, 307, 1]              129
│    │    └─Linear: 3-76                 [16, 307, 1]              129
│    │    └─Linear: 3-77                 [16, 307, 1]              129
│    │    └─Linear: 3-78                 [16, 307, 1]              129
│    │    └─Linear: 3-79                 [16, 307, 1]              129
==========================================================================================
Total params: 1,009,848
Trainable params: 1,009,848
Non-trainable params: 0
Total mult-adds (G): 27.59
==========================================================================================
Input size (MB): 0.71
Forward/backward pass size (MB): 1303.21
Params size (MB): 4.01
Estimated Total Size (MB): 1307.93
==========================================================================================

Loss: HuberLoss

2026-09-09 02:58:30.736993 Epoch 1  	Train Loss = 25.21149 Val Loss = 22.65751
2026-09-09 02:59:06.113424 Epoch 2  	Train Loss = 20.16401 Val Loss = 20.14894
2026-09-09 02:59:40.959807 Epoch 3  	Train Loss = 18.85118 Val Loss = 19.22584
2026-09-09 03:00:15.849230 Epoch 4  	Train Loss = 18.27265 Val Loss = 18.78326
2026-09-09 03:00:51.270904 Epoch 5  	Train Loss = 17.90284 Val Loss = 18.55292
2026-09-09 03:01:26.706549 Epoch 6  	Train Loss = 17.70774 Val Loss = 18.52016
2026-09-09 03:02:01.803324 Epoch 7  	Train Loss = 17.51529 Val Loss = 18.28925
2026-09-09 03:02:37.016761 Epoch 8  	Train Loss = 17.39487 Val Loss = 18.18022
2026-09-09 03:03:12.465951 Epoch 9  	Train Loss = 17.29845 Val Loss = 18.12221
2026-09-09 03:03:47.944188 Epoch 10  	Train Loss = 17.18187 Val Loss = 18.16923
2026-09-09 03:04:22.855348 Epoch 11  	Train Loss = 17.13450 Val Loss = 18.06807
2026-09-09 03:04:57.953201 Epoch 12  	Train Loss = 17.02723 Val Loss = 17.89451
2026-09-09 03:05:33.163912 Epoch 13  	Train Loss = 16.99216 Val Loss = 18.09485
2026-09-09 03:06:08.571078 Epoch 14  	Train Loss = 16.91394 Val Loss = 17.94786
2026-09-09 03:06:43.699803 Epoch 15  	Train Loss = 16.84913 Val Loss = 18.01743
2026-09-09 03:07:18.820404 Epoch 16  	Train Loss = 16.48472 Val Loss = 17.53526
2026-09-09 03:07:53.969560 Epoch 17  	Train Loss = 16.40347 Val Loss = 17.53349
2026-09-09 03:08:29.538246 Epoch 18  	Train Loss = 16.37938 Val Loss = 17.51447
2026-09-09 03:09:04.630242 Epoch 19  	Train Loss = 16.35993 Val Loss = 17.51769
2026-09-09 03:09:39.578953 Epoch 20  	Train Loss = 16.33704 Val Loss = 17.52777
2026-09-09 03:10:14.855656 Epoch 21  	Train Loss = 16.31561 Val Loss = 17.51570
2026-09-09 03:10:50.631621 Epoch 22  	Train Loss = 16.28864 Val Loss = 17.51042
2026-09-09 03:11:25.943501 Epoch 23  	Train Loss = 16.27405 Val Loss = 17.51109
2026-09-09 03:12:00.857119 Epoch 24  	Train Loss = 16.26037 Val Loss = 17.52579
2026-09-09 03:12:35.492784 Epoch 25  	Train Loss = 16.24025 Val Loss = 17.48779
2026-09-09 03:13:10.905303 Epoch 26  	Train Loss = 16.22977 Val Loss = 17.48385
2026-09-09 03:13:46.439630 Epoch 27  	Train Loss = 16.20308 Val Loss = 17.49312
2026-09-09 03:14:21.489673 Epoch 28  	Train Loss = 16.19595 Val Loss = 17.47766
2026-09-09 03:14:56.114513 Epoch 29  	Train Loss = 16.16843 Val Loss = 17.47282
2026-09-09 03:15:31.600718 Epoch 30  	Train Loss = 16.16033 Val Loss = 17.47069
2026-09-09 03:16:07.225140 Epoch 31  	Train Loss = 16.14331 Val Loss = 17.47610
2026-09-09 03:16:41.844541 Epoch 32  	Train Loss = 16.12555 Val Loss = 17.46434
2026-09-09 03:17:16.761408 Epoch 33  	Train Loss = 16.10797 Val Loss = 17.44554
2026-09-09 03:17:51.470970 Epoch 34  	Train Loss = 16.09419 Val Loss = 17.46967
2026-09-09 03:18:27.071771 Epoch 35  	Train Loss = 16.08841 Val Loss = 17.47757
2026-09-09 03:19:01.891592 Epoch 36  	Train Loss = 16.02196 Val Loss = 17.43798
2026-09-09 03:19:36.771045 Epoch 37  	Train Loss = 16.01768 Val Loss = 17.43908
2026-09-09 03:20:11.759254 Epoch 38  	Train Loss = 16.01049 Val Loss = 17.43452
2026-09-09 03:20:47.265825 Epoch 39  	Train Loss = 16.00210 Val Loss = 17.44196
2026-09-09 03:21:22.680598 Epoch 40  	Train Loss = 16.00425 Val Loss = 17.43469
2026-09-09 03:21:57.314943 Epoch 41  	Train Loss = 16.00196 Val Loss = 17.43599
2026-09-09 03:22:32.416841 Epoch 42  	Train Loss = 15.99903 Val Loss = 17.44217
2026-09-09 03:23:07.970864 Epoch 43  	Train Loss = 15.99643 Val Loss = 17.44080
2026-09-09 03:23:43.081962 Epoch 44  	Train Loss = 15.99437 Val Loss = 17.43495
2026-09-09 03:24:18.171403 Epoch 45  	Train Loss = 15.98659 Val Loss = 17.43239
2026-09-09 03:24:52.789038 Epoch 46  	Train Loss = 15.98878 Val Loss = 17.43819
2026-09-09 03:25:27.879584 Epoch 47  	Train Loss = 15.98215 Val Loss = 17.43231
2026-09-09 03:26:03.432545 Epoch 48  	Train Loss = 15.98826 Val Loss = 17.43896
2026-09-09 03:26:38.292470 Epoch 49  	Train Loss = 15.98940 Val Loss = 17.43132
2026-09-09 03:27:12.985360 Epoch 50  	Train Loss = 15.98227 Val Loss = 17.43202
2026-09-09 03:27:48.424594 Epoch 51  	Train Loss = 15.97557 Val Loss = 17.43305
2026-09-09 03:28:24.029819 Epoch 52  	Train Loss = 15.97236 Val Loss = 17.43107
2026-09-09 03:28:58.954386 Epoch 53  	Train Loss = 15.97706 Val Loss = 17.42882
2026-09-09 03:29:33.815682 Epoch 54  	Train Loss = 15.97751 Val Loss = 17.43040
2026-09-09 03:30:09.016045 Epoch 55  	Train Loss = 15.97429 Val Loss = 17.43301
2026-09-09 03:30:44.768643 Epoch 56  	Train Loss = 15.97433 Val Loss = 17.43031
2026-09-09 03:31:20.157530 Epoch 57  	Train Loss = 15.97163 Val Loss = 17.43062
2026-09-09 03:31:55.018487 Epoch 58  	Train Loss = 15.96995 Val Loss = 17.43338
2026-09-09 03:32:29.905467 Epoch 59  	Train Loss = 15.96955 Val Loss = 17.43281
2026-09-09 03:33:05.690584 Epoch 60  	Train Loss = 15.97154 Val Loss = 17.42999
2026-09-09 03:33:41.044356 Epoch 61  	Train Loss = 15.97120 Val Loss = 17.43111
2026-09-09 03:34:15.749965 Epoch 62  	Train Loss = 15.97407 Val Loss = 17.43135
2026-09-09 03:34:50.599828 Epoch 63  	Train Loss = 15.97348 Val Loss = 17.43097
2026-09-09 03:35:26.404439 Epoch 64  	Train Loss = 15.96985 Val Loss = 17.43191
2026-09-09 03:36:01.792383 Epoch 65  	Train Loss = 15.97234 Val Loss = 17.42919
2026-09-09 03:36:36.385275 Epoch 66  	Train Loss = 15.96128 Val Loss = 17.43094
2026-09-09 03:37:10.544074 Epoch 67  	Train Loss = 15.97169 Val Loss = 17.43096
2026-09-09 03:37:46.246083 Epoch 68  	Train Loss = 15.97227 Val Loss = 17.43142
2026-09-09 03:38:21.635172 Epoch 69  	Train Loss = 15.97101 Val Loss = 17.43208
2026-09-09 03:38:56.698481 Epoch 70  	Train Loss = 15.96597 Val Loss = 17.43151
2026-09-09 03:39:31.385427 Epoch 71  	Train Loss = 15.96762 Val Loss = 17.43063
2026-09-09 03:40:06.967957 Epoch 72  	Train Loss = 15.96979 Val Loss = 17.43083
2026-09-09 03:40:42.451325 Epoch 73  	Train Loss = 15.97072 Val Loss = 17.43231
Early stopping at epoch: 73
Best at epoch 53:
Train Loss = 15.97706
Train RMSE = 27.68371, MAE = 16.55585, MAPE = 11.83605
Val Loss = 17.42882
Val RMSE = 30.47469, MAE = 18.12374, MAPE = 11.67355
Saved Model: ../saved_models/LRPred-PEMS04-2026-09-09-02-57-52.pt
--------- Test ---------
All Steps RMSE = 29.82701, MAE = 18.03295, MAPE = 11.95880
Step 1 RMSE = 26.66805, MAE = 16.30892, MAPE = 10.83960
Step 2 RMSE = 27.72677, MAE = 16.90068, MAPE = 11.25899
Step 3 RMSE = 28.48413, MAE = 17.31114, MAPE = 11.51237
Step 4 RMSE = 29.08765, MAE = 17.63242, MAPE = 11.69265
Step 5 RMSE = 29.59088, MAE = 17.89400, MAPE = 11.87018
Step 6 RMSE = 29.95413, MAE = 18.08977, MAPE = 11.98478
Step 7 RMSE = 30.31004, MAE = 18.29110, MAPE = 12.11560
Step 8 RMSE = 30.59596, MAE = 18.45949, MAPE = 12.22209
Step 9 RMSE = 30.87042, MAE = 18.62168, MAPE = 12.32944
Step 10 RMSE = 31.13578, MAE = 18.77848, MAPE = 12.43149
Step 11 RMSE = 31.38230, MAE = 18.95343, MAPE = 12.55093
Step 12 RMSE = 31.67706, MAE = 19.15407, MAPE = 12.69732
Inference time: 3.90 s
