METRLA
Trainset:	x-(23974, 12, 207, 3)	y-(23974, 12, 207, 1)
Valset:  	x-(3425, 12, 207, 3)  	y-(3425, 12, 207, 1)
Testset:	x-(6850, 12, 207, 3)	y-(6850, 12, 207, 1)

--------- LRPred ---------
{
    "num_nodes": 207,
    "in_steps": 12,
    "out_steps": 12,
    "train_size": 0.7,
    "val_size": 0.1,
    "time_of_day": true,
    "day_of_week": true,
    "lr": 0.001,
    "weight_decay": 0.0003,
    "milestones": [
        20,
        30
    ],
    "lr_decay_rate": 0.1,
    "batch_size": 16,
    "max_epochs": 200,
    "early_stop": 20,
    "use_cl": false,
    "cl_step_size": 2500,
    "model_args": {
        "num_nodes": 207,
        "node_dim": 128,
        "in_steps": 12,
        "out_steps": 12,
        "steps_per_day": 288,
        "input_dim": 3,
        "output_dim": 1,
        "input_embedding_dim": 24,
        "tod_embedding_dim": 24,
        "dow_embedding_dim": 24,
        "spatial_embedding_dim": 24,
        "adaptive_embedding_dim": 0,
        "feed_forward_dim": 256,
        "num_heads": 4,
        "num_layers": 1,
        "dropout": 0.1
    }
}
==========================================================================================
Layer (type:depth-idx)                   Output Shape              Param #
==========================================================================================
LRPred                                   [16, 12, 207, 1]          5,160
├─DataEncoding: 1-1                      [16, 12, 207, 24]         --
│    └─Linear: 2-1                       [16, 12, 207, 24]         168
│    └─ReLU: 2-2                         [16, 12, 207, 24]         --
│    └─Linear: 2-3                       [16, 12, 207, 24]         600
├─Embedding: 1-2                         [16, 12, 207, 24]         6,912
├─Embedding: 1-3                         [16, 12, 207, 24]         168
├─TemporalContextGate: 1-4               [16, 12, 207, 96]         --
│    └─Sequential: 2-4                   [16, 12, 207, 96]         --
│    │    └─Linear: 3-1                  [16, 12, 207, 96]         9,312
│    │    └─Sigmoid: 3-2                 [16, 12, 207, 96]         --
├─Tanh: 1-5                              [207, 207]                --
├─MGTU: 1-6                              [16, 96, 207, 12]         --
│    └─GTU: 2-5                          [16, 96, 207, 12]         --
│    │    └─Conv2d: 3-3                  [16, 192, 207, 12]        18,624
│    │    └─Tanh: 3-4                    [16, 96, 207, 12]         --
│    │    └─Sigmoid: 3-5                 [16, 96, 207, 12]         --
│    └─Gcn: 2-6                          [16, 96, 207, 12]         --
│    │    └─nconv: 3-6                   [16, 96, 207, 12]         --
│    │    └─nconv: 3-7                   [16, 96, 207, 12]         --
│    │    └─nconv: 3-8                   [16, 96, 207, 12]         --
│    │    └─nconv: 3-9                   [16, 96, 207, 12]         --
│    │    └─nconv: 3-10                  [16, 96, 207, 12]         --
│    │    └─nconv: 3-11                  [16, 96, 207, 12]         --
│    │    └─nconv: 3-12                  [16, 96, 207, 12]         --
│    │    └─nconv: 3-13                  [16, 96, 207, 12]         --
│    │    └─nconv: 3-14                  [16, 96, 207, 12]         --
│    │    └─linear: 3-15                 [16, 96, 207, 12]         92,256
├─MGTU: 1-7                              [16, 96, 207, 10]         --
│    └─GTU: 2-7                          [16, 96, 207, 10]         --
│    │    └─Conv2d: 3-16                 [16, 192, 207, 10]        55,488
│    │    └─Tanh: 3-17                   [16, 96, 207, 10]         --
│    │    └─Sigmoid: 3-18                [16, 96, 207, 10]         --
│    └─Gcn: 2-8                          [16, 96, 207, 10]         --
│    │    └─nconv: 3-19                  [16, 96, 207, 10]         --
│    │    └─nconv: 3-20                  [16, 96, 207, 10]         --
│    │    └─nconv: 3-21                  [16, 96, 207, 10]         --
│    │    └─nconv: 3-22                  [16, 96, 207, 10]         --
│    │    └─nconv: 3-23                  [16, 96, 207, 10]         --
│    │    └─nconv: 3-24                  [16, 96, 207, 10]         --
│    │    └─nconv: 3-25                  [16, 96, 207, 10]         --
│    │    └─nconv: 3-26                  [16, 96, 207, 10]         --
│    │    └─nconv: 3-27                  [16, 96, 207, 10]         --
│    │    └─linear: 3-28                 [16, 96, 207, 10]         92,256
├─MGTU: 1-8                              [16, 96, 207, 8]          --
│    └─GTU: 2-9                          [16, 96, 207, 8]          --
│    │    └─Conv2d: 3-29                 [16, 192, 207, 8]         92,352
│    │    └─Tanh: 3-30                   [16, 96, 207, 8]          --
│    │    └─Sigmoid: 3-31                [16, 96, 207, 8]          --
│    └─Gcn: 2-10                         [16, 96, 207, 8]          --
│    │    └─nconv: 3-32                  [16, 96, 207, 8]          --
│    │    └─nconv: 3-33                  [16, 96, 207, 8]          --
│    │    └─nconv: 3-34                  [16, 96, 207, 8]          --
│    │    └─nconv: 3-35                  [16, 96, 207, 8]          --
│    │    └─nconv: 3-36                  [16, 96, 207, 8]          --
│    │    └─nconv: 3-37                  [16, 96, 207, 8]          --
│    │    └─nconv: 3-38                  [16, 96, 207, 8]          --
│    │    └─nconv: 3-39                  [16, 96, 207, 8]          --
│    │    └─nconv: 3-40                  [16, 96, 207, 8]          --
│    │    └─linear: 3-41                 [16, 96, 207, 8]          92,256
├─MGTU: 1-9                              [16, 96, 207, 6]          --
│    └─GTU: 2-11                         [16, 96, 207, 6]          --
│    │    └─Conv2d: 3-42                 [16, 192, 207, 6]         129,216
│    │    └─Tanh: 3-43                   [16, 96, 207, 6]          --
│    │    └─Sigmoid: 3-44                [16, 96, 207, 6]          --
│    └─Gcn: 2-12                         [16, 96, 207, 6]          --
│    │    └─nconv: 3-45                  [16, 96, 207, 6]          --
│    │    └─nconv: 3-46                  [16, 96, 207, 6]          --
│    │    └─nconv: 3-47                  [16, 96, 207, 6]          --
│    │    └─nconv: 3-48                  [16, 96, 207, 6]          --
│    │    └─nconv: 3-49                  [16, 96, 207, 6]          --
│    │    └─nconv: 3-50                  [16, 96, 207, 6]          --
│    │    └─nconv: 3-51                  [16, 96, 207, 6]          --
│    │    └─nconv: 3-52                  [16, 96, 207, 6]          --
│    │    └─nconv: 3-53                  [16, 96, 207, 6]          --
│    │    └─linear: 3-54                 [16, 96, 207, 6]          92,256
├─Sequential: 1-10                       [16, 96, 207, 12]         --
│    └─Linear: 2-13                      [16, 96, 207, 12]         444
│    └─Dropout: 2-14                     [16, 96, 207, 12]         --
├─TemporalResidualMLP: 1-11              [16, 12, 207, 96]         --
│    └─Sequential: 2-15                  [16, 12, 207, 96]         --
│    │    └─Linear: 3-55                 [16, 12, 207, 96]         9,312
│    │    └─GELU: 3-56                   [16, 12, 207, 96]         --
│    │    └─Linear: 3-57                 [16, 12, 207, 96]         9,312
├─LayerNorm: 1-12                        [16, 12, 207, 96]         192
├─GRU: 1-13                              [16, 207, 96]             --
│    └─Linear: 2-16                      [16, 207, 96]             18,528
│    └─Sigmoid: 2-17                     [16, 207, 96]             --
│    └─Linear: 2-18                      [16, 207, 96]             18,528
│    └─Sigmoid: 2-19                     [16, 207, 96]             --
│    └─Linear: 2-20                      [16, 207, 96]             18,528
│    └─Tanh: 2-21                        [16, 207, 96]             --
├─GRU: 1-14                              [16, 207, 96]             (recursive)
│    └─Linear: 2-22                      [16, 207, 96]             (recursive)
│    └─Sigmoid: 2-23                     [16, 207, 96]             --
│    └─Linear: 2-24                      [16, 207, 96]             (recursive)
│    └─Sigmoid: 2-25                     [16, 207, 96]             --
│    └─Linear: 2-26                      [16, 207, 96]             (recursive)
│    └─Tanh: 2-27                        [16, 207, 96]             --
├─GRU: 1-15                              [16, 207, 96]             (recursive)
│    └─Linear: 2-28                      [16, 207, 96]             (recursive)
│    └─Sigmoid: 2-29                     [16, 207, 96]             --
│    └─Linear: 2-30                      [16, 207, 96]             (recursive)
│    └─Sigmoid: 2-31                     [16, 207, 96]             --
│    └─Linear: 2-32                      [16, 207, 96]             (recursive)
│    └─Tanh: 2-33                        [16, 207, 96]             --
├─GRU: 1-16                              [16, 207, 96]             (recursive)
│    └─Linear: 2-34                      [16, 207, 96]             (recursive)
│    └─Sigmoid: 2-35                     [16, 207, 96]             --
│    └─Linear: 2-36                      [16, 207, 96]             (recursive)
│    └─Sigmoid: 2-37                     [16, 207, 96]             --
│    └─Linear: 2-38                      [16, 207, 96]             (recursive)
│    └─Tanh: 2-39                        [16, 207, 96]             --
├─GRU: 1-17                              [16, 207, 96]             (recursive)
│    └─Linear: 2-40                      [16, 207, 96]             (recursive)
│    └─Sigmoid: 2-41                     [16, 207, 96]             --
│    └─Linear: 2-42                      [16, 207, 96]             (recursive)
│    └─Sigmoid: 2-43                     [16, 207, 96]             --
│    └─Linear: 2-44                      [16, 207, 96]             (recursive)
│    └─Tanh: 2-45                        [16, 207, 96]             --
├─GRU: 1-18                              [16, 207, 96]             (recursive)
│    └─Linear: 2-46                      [16, 207, 96]             (recursive)
│    └─Sigmoid: 2-47                     [16, 207, 96]             --
│    └─Linear: 2-48                      [16, 207, 96]             (recursive)
│    └─Sigmoid: 2-49                     [16, 207, 96]             --
│    └─Linear: 2-50                      [16, 207, 96]             (recursive)
│    └─Tanh: 2-51                        [16, 207, 96]             --
├─GRU: 1-19                              [16, 207, 96]             (recursive)
│    └─Linear: 2-52                      [16, 207, 96]             (recursive)
│    └─Sigmoid: 2-53                     [16, 207, 96]             --
│    └─Linear: 2-54                      [16, 207, 96]             (recursive)
│    └─Sigmoid: 2-55                     [16, 207, 96]             --
│    └─Linear: 2-56                      [16, 207, 96]             (recursive)
│    └─Tanh: 2-57                        [16, 207, 96]             --
├─GRU: 1-20                              [16, 207, 96]             (recursive)
│    └─Linear: 2-58                      [16, 207, 96]             (recursive)
│    └─Sigmoid: 2-59                     [16, 207, 96]             --
│    └─Linear: 2-60                      [16, 207, 96]             (recursive)
│    └─Sigmoid: 2-61                     [16, 207, 96]             --
│    └─Linear: 2-62                      [16, 207, 96]             (recursive)
│    └─Tanh: 2-63                        [16, 207, 96]             --
├─GRU: 1-21                              [16, 207, 96]             (recursive)
│    └─Linear: 2-64                      [16, 207, 96]             (recursive)
│    └─Sigmoid: 2-65                     [16, 207, 96]             --
│    └─Linear: 2-66                      [16, 207, 96]             (recursive)
│    └─Sigmoid: 2-67                     [16, 207, 96]             --
│    └─Linear: 2-68                      [16, 207, 96]             (recursive)
│    └─Tanh: 2-69                        [16, 207, 96]             --
├─GRU: 1-22                              [16, 207, 96]             (recursive)
│    └─Linear: 2-70                      [16, 207, 96]             (recursive)
│    └─Sigmoid: 2-71                     [16, 207, 96]             --
│    └─Linear: 2-72                      [16, 207, 96]             (recursive)
│    └─Sigmoid: 2-73                     [16, 207, 96]             --
│    └─Linear: 2-74                      [16, 207, 96]             (recursive)
│    └─Tanh: 2-75                        [16, 207, 96]             --
├─GRU: 1-23                              [16, 207, 96]             (recursive)
│    └─Linear: 2-76                      [16, 207, 96]             (recursive)
│    └─Sigmoid: 2-77                     [16, 207, 96]             --
│    └─Linear: 2-78                      [16, 207, 96]             (recursive)
│    └─Sigmoid: 2-79                     [16, 207, 96]             --
│    └─Linear: 2-80                      [16, 207, 96]             (recursive)
│    └─Tanh: 2-81                        [16, 207, 96]             --
├─GRU: 1-24                              [16, 207, 96]             (recursive)
│    └─Linear: 2-82                      [16, 207, 96]             (recursive)
│    └─Sigmoid: 2-83                     [16, 207, 96]             --
│    └─Linear: 2-84                      [16, 207, 96]             (recursive)
│    └─Sigmoid: 2-85                     [16, 207, 96]             --
│    └─Linear: 2-86                      [16, 207, 96]             (recursive)
│    └─Tanh: 2-87                        [16, 207, 96]             --
├─ModuleList: 1-25                       --                        --
│    └─SelfAttentionLayer: 2-88          [16, 12, 207, 96]         --
│    │    └─AttentionLayer: 3-58         [16, 12, 207, 96]         37,248
│    │    └─Linear: 3-59                 [16, 12, 207, 96]         9,312
│    │    └─GELU: 3-60                   [16, 12, 207, 96]         --
│    │    └─Dropout: 3-61                [16, 12, 207, 96]         --
│    │    └─LayerNorm: 3-62              [16, 12, 207, 96]         192
│    │    └─Sequential: 3-63             [16, 12, 207, 96]         49,504
│    │    └─Dropout: 3-64                [16, 12, 207, 96]         --
│    │    └─LayerNorm: 3-65              [16, 12, 207, 96]         192
├─time_wise_predictor: 1-26              [16, 12, 207, 1]          --
│    └─Sequential: 2-89                  [16, 207, 128]            --
│    │    └─Linear: 3-66                 [16, 207, 128]            147,584
│    │    └─GELU: 3-67                   [16, 207, 128]            --
│    └─ModuleList: 2-90                  --                        --
│    │    └─Linear: 3-68                 [16, 207, 1]              129
│    │    └─Linear: 3-69                 [16, 207, 1]              129
│    │    └─Linear: 3-70                 [16, 207, 1]              129
│    │    └─Linear: 3-71                 [16, 207, 1]              129
│    │    └─Linear: 3-72                 [16, 207, 1]              129
│    │    └─Linear: 3-73                 [16, 207, 1]              129
│    │    └─Linear: 3-74                 [16, 207, 1]              129
│    │    └─Linear: 3-75                 [16, 207, 1]              129
│    │    └─Linear: 3-76                 [16, 207, 1]              129
│    │    └─Linear: 3-77                 [16, 207, 1]              129
│    │    └─Linear: 3-78                 [16, 207, 1]              129
│    │    └─Linear: 3-79                 [16, 207, 1]              129
==========================================================================================
Total params: 1,007,448
Trainable params: 1,007,448
Non-trainable params: 0
Total mult-adds (G): 18.61
==========================================================================================
Input size (MB): 0.48
Forward/backward pass size (MB): 878.71
Params size (MB): 4.01
Estimated Total Size (MB): 883.20
==========================================================================================

Loss: MaskedMAELoss

2026-09-09 03:42:27.607282 Epoch 1  	Train Loss = 4.09716 Val Loss = 3.36346
2026-09-09 03:43:23.895417 Epoch 2  	Train Loss = 3.22238 Val Loss = 2.96065
2026-09-09 03:44:18.744547 Epoch 3  	Train Loss = 3.02655 Val Loss = 2.85495
2026-09-09 03:45:15.227741 Epoch 4  	Train Loss = 2.96691 Val Loss = 2.95182
2026-09-09 03:46:10.388777 Epoch 5  	Train Loss = 2.93988 Val Loss = 2.85350
2026-09-09 03:47:05.905704 Epoch 6  	Train Loss = 2.91790 Val Loss = 2.80926
2026-09-09 03:48:02.032679 Epoch 7  	Train Loss = 2.89400 Val Loss = 2.82077
2026-09-09 03:48:56.620995 Epoch 8  	Train Loss = 2.88601 Val Loss = 2.80318
2026-09-09 03:49:52.556696 Epoch 9  	Train Loss = 2.86284 Val Loss = 2.79619
2026-09-09 03:50:46.164535 Epoch 10  	Train Loss = 2.86534 Val Loss = 2.77724
2026-09-09 03:51:41.245188 Epoch 11  	Train Loss = 2.84712 Val Loss = 2.79392
2026-09-09 03:52:37.614961 Epoch 12  	Train Loss = 2.84446 Val Loss = 2.80538
2026-09-09 03:53:32.818527 Epoch 13  	Train Loss = 2.83363 Val Loss = 2.76145
2026-09-09 03:54:28.306166 Epoch 14  	Train Loss = 2.82192 Val Loss = 2.77385
2026-09-09 03:55:23.339964 Epoch 15  	Train Loss = 2.82044 Val Loss = 2.74985
2026-09-09 03:56:17.843891 Epoch 16  	Train Loss = 2.81927 Val Loss = 2.76630
2026-09-09 03:57:13.719895 Epoch 17  	Train Loss = 2.80295 Val Loss = 2.74891
2026-09-09 03:58:09.315985 Epoch 18  	Train Loss = 2.79461 Val Loss = 2.78893
2026-09-09 03:59:03.243931 Epoch 19  	Train Loss = 2.78787 Val Loss = 2.76789
2026-09-09 04:00:00.013400 Epoch 20  	Train Loss = 2.78589 Val Loss = 2.74302
2026-09-09 04:00:55.204388 Epoch 21  	Train Loss = 2.71468 Val Loss = 2.69790
2026-09-09 04:01:51.042612 Epoch 22  	Train Loss = 2.70207 Val Loss = 2.69951
2026-09-09 04:02:47.023510 Epoch 23  	Train Loss = 2.69744 Val Loss = 2.70134
2026-09-09 04:03:41.059668 Epoch 24  	Train Loss = 2.69331 Val Loss = 2.70278
2026-09-09 04:04:36.610338 Epoch 25  	Train Loss = 2.69003 Val Loss = 2.70007
2026-09-09 04:05:31.925494 Epoch 26  	Train Loss = 2.68677 Val Loss = 2.69870
2026-09-09 04:06:26.995042 Epoch 27  	Train Loss = 2.68473 Val Loss = 2.70050
2026-09-09 04:07:22.973036 Epoch 28  	Train Loss = 2.68169 Val Loss = 2.70147
2026-09-09 04:08:16.937666 Epoch 29  	Train Loss = 2.68054 Val Loss = 2.69814
2026-09-09 04:09:12.393506 Epoch 30  	Train Loss = 2.67774 Val Loss = 2.70191
2026-09-09 04:10:07.878546 Epoch 31  	Train Loss = 2.66632 Val Loss = 2.69935
2026-09-09 04:11:02.279879 Epoch 32  	Train Loss = 2.66453 Val Loss = 2.69851
2026-09-09 04:11:58.328742 Epoch 33  	Train Loss = 2.66403 Val Loss = 2.69995
2026-09-09 04:12:53.370899 Epoch 34  	Train Loss = 2.66394 Val Loss = 2.69908
2026-09-09 04:13:48.540482 Epoch 35  	Train Loss = 2.66375 Val Loss = 2.69996
2026-09-09 04:14:44.083025 Epoch 36  	Train Loss = 2.66244 Val Loss = 2.69972
2026-09-09 04:15:38.601149 Epoch 37  	Train Loss = 2.66262 Val Loss = 2.69959
2026-09-09 04:16:34.378960 Epoch 38  	Train Loss = 2.66179 Val Loss = 2.69914
2026-09-09 04:17:29.819499 Epoch 39  	Train Loss = 2.66205 Val Loss = 2.69989
2026-09-09 04:18:24.638756 Epoch 40  	Train Loss = 2.66103 Val Loss = 2.70012
2026-09-09 04:19:21.422485 Epoch 41  	Train Loss = 2.66075 Val Loss = 2.69896
Early stopping at epoch: 41
Best at epoch 21:
Train Loss = 2.71468
Train RMSE = 5.40616, MAE = 2.69576, MAPE = 7.09961
Val Loss = 2.69790
Val RMSE = 5.67867, MAE = 2.74733, MAPE = 7.51737
Saved Model: ../saved_models/LRPred-METRLA-2026-09-09-03-41-27.pt
--------- Test ---------
All Steps RMSE = 5.97728, MAE = 2.94433, MAPE = 8.04428
Step 1 RMSE = 3.85631, MAE = 2.22642, MAPE = 5.32841
Step 2 RMSE = 4.58573, MAE = 2.47767, MAPE = 6.14529
Step 3 RMSE = 5.06878, MAE = 2.65093, MAPE = 6.79057
Step 4 RMSE = 5.46358, MAE = 2.78394, MAPE = 7.31835
Step 5 RMSE = 5.77292, MAE = 2.88887, MAPE = 7.75691
Step 6 RMSE = 6.02742, MAE = 2.98085, MAPE = 8.15077
Step 7 RMSE = 6.25494, MAE = 3.06267, MAPE = 8.50087
Step 8 RMSE = 6.45441, MAE = 3.13308, MAPE = 8.80196
Step 9 RMSE = 6.62485, MAE = 3.19601, MAPE = 9.07138
Step 10 RMSE = 6.76815, MAE = 3.25371, MAPE = 9.32362
Step 11 RMSE = 6.90301, MAE = 3.31008, MAPE = 9.55516
Step 12 RMSE = 7.03593, MAE = 3.36778, MAPE = 9.78839
Inference time: 5.12 s
